f: If[x ≥ -1 ∧ x ≤ 1, x³ - x² + x + 1]
A2: -1
B2: 0
A3: -1
B3: -0.5
A4: -0.75
B4: -0.5
A5: -0.625
B5: -0.5
A6: -0.5625
B6: -0.5
A7: -0.5625
B7: -0.53125
A8: -0.546875
B8: -0.53125
A9: -0.546875
B9: -0.5390625
A10: -0.546875
B10: -0.54296875
A11: -0.54492188
B11: -0.54296875
A12: -0.54394531
B12: -0.54296875
A13: -0.54394531
B13: -0.54345703
A14: -0.54370117
B14: -0.54345703
A15: -0.54370117
B15: -0.5435791
A16: -0.54370117
B16: -0.54364014
A17: -0.54370117
B17: -0.54367065
A18: -0.54370117
B18: -0.54368591
A19: -0.54370117
B19: -0.54369354
A20: -0.54370117
B20: -0.54369736
A21: -0.54370117
B21: -0.54369926
A22: -0.54370117
B22: -0.54370022
A23: -0.54370117
B23: -0.5437007
A24: -0.54370117
B24: -0.54370093
A25: -0.54370117
B25: -0.54370105
A26: -0.54370117
B26: -0.54370111
A27: -0.54370117
B27: -0.54370114
A28: -0.54370117
B28: -0.54370116
A29: -0.54370117
B29: -0.54370116
A30: -0.54370117
B30: -0.54370117
gauche: {(-1, 0), (-1, 0), (-1, 0), (-0.75, 0), (-0.625, 0), (-0.5625, 0), (-0.5625, 0), (-0.546875, 0), (-0.546875, 0), (-0.546875, 0), (-0.54492188, 0), (-0.54394531, 0), (-0.54394531, 0), (-0.54370117, 0), (-0.54370117, 0), (-0.54370117, 0), (-0.54370117, 0), (-0.54370117, 0), (-0.54370117, 0), (-0.54370117, 0), (-0.54370117, 0), (-0.54370117, 0), (-0.54370117, 0), (-0.54370117, 0), (-0.54370117, 0), (-0.54370117, 0), (-0.54370117, 0), (-0.54370117, 0), (-0.54370117, 0), (-0.54370117, 0)}
droite: {(1, 0), (0, 0), (-0.5, 0), (-0.5, 0), (-0.5, 0), (-0.5, 0), (-0.53125, 0), (-0.53125, 0), (-0.5390625, 0), (-0.54296875, 0), (-0.54296875, 0), (-0.54296875, 0), (-0.54345703, 0), (-0.54345703, 0), (-0.5435791, 0), (-0.54364014, 0), (-0.54367065, 0), (-0.54368591, 0), (-0.54369354, 0), (-0.54369736, 0), (-0.54369926, 0), (-0.54370022, 0), (-0.5437007, 0), (-0.54370093, 0), (-0.54370105, 0), (-0.54370111, 0), (-0.54370114, 0), (-0.54370116, 0), (-0.54370116, 0), (-0.54370117, 0)}
milieu: {(0, 0), (-0.5, 0), (-0.75, 0), (-0.625, 0), (-0.5625, 0), (-0.53125, 0), (-0.546875, 0), (-0.5390625, 0), (-0.54296875, 0), (-0.54492188, 0), (-0.54394531, 0), (-0.54345703, 0), (-0.54370117, 0), (-0.5435791, 0), (-0.54364014, 0), (-0.54367065, 0), (-0.54368591, 0), (-0.54369354, 0), (-0.54369736, 0), (-0.54369926, 0), (-0.54370022, 0), (-0.5437007, 0), (-0.54370093, 0), (-0.54370105, 0), (-0.54370111, 0), (-0.54370114, 0), (-0.54370116, 0), (-0.54370116, 0), (-0.54370117, 0), (-0.54370117, 0)}
D: (1, 0)
G: (-1, 0)
M: (0, 0)
