e: 4
f: 0.98020406
g: 4
h: 0.98020406
E: (0, 4.98)
F: (0, 4)
i: 0.98020406
G: (0, 4.98)
H: (0, 4)
j: 0.98020406
I: (0, 4.98)
J: (0, 4)
k: 0.98020406
K: (0, 4)
l: 1.02
m: 1.04
N: (0, 4)
n: 1.02
p: 0.96
P: (0, 4)
q: 1.02
r: 1.04
R: (0, 4)
s: 1.02
S: (-1.46, 2.98)
t: 0.98
a_1: 2
V: (0, 2.98)
b_1: 0.98
W: (-0.5, 2.98)
Z: (0, 2)
c_1: 0.98
A_1: (0, 2)
d_1: 1.04
e_1: 0.98
D_1: (0, 2)
f_1: 1.04
a: 86
b: 80
c: 89
d: 77
