a: y = 0
B: (0, 0)
b: x = 98.54094934
C: (98.54094934, 0)
D: (0, 0)
f: 82.64060617
g: 19.36034925
β: 13.18499615°
u: (0, 19.36034925)
c: -19.36034925x + 82.64060617y = -307.83619692
E: (0.82725902, -3.53119594)
h: (x - 10.57053847)² + (y + 1.24862202)² = 9409
F: (105.01348916, 20.87668169)
j: -82.64060617x - 19.36034925y = -9082.55824927
k: (x - 105.01348916)² + (y - 20.87668169)² = 9
G: (104.32920142, 23.79759769)
p: (x - 104.32920142)² + (y - 23.79759769)² = 9
q: (x - 105.01348916)² + (y - 20.87668169)² = 225
H: (119.61806917, 24.2981204)
r: (x - 119.61806917)² + (y - 24.2981204)² = 2.25
l: -82.64060617x - 19.36034925y = -10355.72984224
I: (119.27592529, 25.7585784)
s: (x - 119.27592529)² + (y - 25.7585784)² = 2.25
v: (-82.64060617, 0)
F': (104.28652936, 20.79790119)
δ: 346°
F'': (106.42013345, 21.64631824)
ζ: 45°
F''': (107.32889792, 23.75492562)
η: 45°
J: (106.48048086, 25.88852972)
θ: 45°
m: 3
n: -2.9996965x + 0.04267206y = -311.94044781
t: -2.15127944x - 2.09093203y = -274.2004255
a_1: -0.04267206x - 2.9996965y = -75.83751274
b_1: 2.09093203x - 2.15127944y = 166.94998644
K: (102.17792198, 21.70666565)
L: (101.32950492, 23.84026975)
M: (102.23826939, 25.94887713)
N: (104.37187348, 26.79729419)
c_1: 6
d_1: 3
e_1: 6
f_1: 6
H': (118.8923769, 24.30844371)
ι: 332°
g_1: 1.5
H'': (120.0301157, 24.46196866)
κ: 45°
H''': (120.72605999, 25.37503001)
λ: 45°
O: (120.57253504, 26.51276881)
μ: 45°
h_1: -1.29660974x - 0.75419041y = -174.08119977
i_1: -0.38354839x - 1.45013469y = -83.10149755
j_1: 0.75419041x - 1.29660974y = 56.55793488
k_1: -1.45013469x + 0.38354839y = -163.08649612
P: (118.52173489, 27.05518815)
Q: (117.8257906, 26.1421268)
R: (117.97931555, 25.004388)
S: (119.65947369, 27.2087131)
l_1: 1.5
m_1: 3
n_1: 3
p_1: 3
q_1: (x - 102.23826939)² + (y - 25.94887713)² = 2.25
T_1: (119.61806917, 24.2981204)
U_1: (119.61806917, 24.2981204)
V_1: (105.01348916, 20.87668169)
W_1: (105.01348916, 20.87668169)
d: 15
a_3: 15
T: (103.2837354, 24.87323741)
r_1: (x - 104.32920142)² + (y - 23.79759769)² = 2.25
s_1: 0.46169141x - 14.99289302y = -331.12693958
t_1: 3.42143872x - 14.60458y = 31.90204972
a_2: 14.60458x + 3.42143872y = 1605.106191
b_2: 14.99289302x + 0.46169141y = 1575.18370202
U: (104.23686313, 26.79617629)
V: (105.01348916, 20.87668169)
W: (103.64491367, 26.71851369)
Z: (103.64491367, 26.71851369)
d_2: 2.5163407x + 14.78742809y = 658.54199068
e_2: -0.46169141x + 14.99289302y = 353.62693958
A_1: (119.22975615, 27.25786771)
f_2: 15
g_2: -82.64060617x - 19.36034925y = -10355.72984224
B_1: (118.93378142, 27.2190364)
h_2: 19.36034925x - 82.64060617y = 53.20187832
C_1: (107.25011742, 24.48188543)
D_1: (105.01348916, 20.87668169)
i_2: 12
j_2: 15
E_1: (0.82725902, -3.53119594)
polígono1: 801.67660562
e_3: 19.36034925
b_3: 85.05859512
c_3: 82.8163474
w: (82.81633716, 0.04116879)
k_2: -19.36034925x + 82.64060617y = -180.51903762
p_2: (x - 104.32920142)² + (y - 23.79759769)² = 4
r_2: (x - 104.32920142)² + (y - 23.79759769)² = 12.25
F_1: (102.23826939, 25.94887713)
H_1: (101.32950492, 23.84026975)
l_2: -0.395786x - 0.91834277y = -63.14638903
I_1: (101.57417311, 24.98495569)
J_1: (107.7502611, 23.0584423)
s_2: (x - 107.7502611)² + (y - 23.0584423)² = 1.37016841
M_1: (107.80266031, 24.22781082)
t_2: (x - 107.80266031)² + (y - 24.22781082)² = 1.37016841
N_1: (107.46655147, 25.3490598)
d_3: (x - 107.46655147)² + (y - 25.3490598)² = 1.37016841
O_1: (106.77952851, 26.29677698)
q_2: (x - 119.27592529)² + (y - 25.7585784)² = 4
G_1: (117.8257906, 26.1421268)
K_1: (117.97931555, 25.004388)
m_2: 0.13372668x - 0.99101825y = -9.5768484
L_1: (117.78939792, 25.55798839)
P_1: (117.32864796, 25.30238657)
f_3: (x - 117.32864796)² + (y - 25.30238657)² = 0.3425421
Q_1: (117.27996486, 25.88562928)
g_3: (x - 117.27996486)² + (y - 25.88562928)² = 0.3425421
R_1: (117.40220687, 26.45799193)
h_3: (x - 117.40220687)² + (y - 26.45799193)² = 0.3425421
S_1: (117.68490575, 26.97045992)
polígono2: 27.09982023
o_1: 10.92616591
s_3: 0.58527097
r_3: 0.58527097
q_3: 2
i_3: 11.83772234
j_3: 3.5
g_4: 3.5
m_3: 1.17054193
n_2: 1.17054193
k_3: -82.64060617x - 19.36034925y = -9333.43974924
Z_1: (107.06409748, 25.08208029)
l_3: 19.36034925x - 82.64060617y = -208.19529604
A_2: (111.64879059, 36.07795218)
n_3: 9.10749226x + 6.03611516y = 1234.61117059
p_3: -19.36034925x + 82.64060617y = -49.5657203
B_2: (0.1331997, -0.56856949)
C_2: (115.7725479, 29.00798316)
ν: 60°
t_3: -2.03752324x - 1.91235785y = -291.3629009
D_2: (115.2851164, 29.52731745)
polígono3: 20.1848919
d_4: 3.5066379
s_4: 10.92616591
o_2: 1.20528927
z_1: 9.01824234
E_2: (106.77952851, 26.29677698)
a_4: -19.36034925x + 82.64060617y = 44.8671548
F_2: (-0.12057308, 0.51467214)
G_2: (121.15795651, 28.92679057)
ο: 0°
b_4: 4.4700704
c_4: -4.35223339x - 1.0196048y = -536.82006852
e_4: -4.35223339x - 1.0196048y = -556.80159792
H_2: (116.9262962, 27.39251363)
f_4: (x - 121.15795651)² + (y - 28.92679057)² = 0.1132605
h_4: -1.0196048x + 4.35223339y = 3.86727651
I_2: (116.53977874, 28.19053643)
J_2: (121.08119266, 29.25446086)
polígono4: 1.53706183
i_4: 0.3886052
e_5: 4.4700704
g_5: 0.33654198
j_4: 4.664373
k_4: 0.07676385x - 0.32767028y = -0.23452867
K_2: (121.11957458, 29.09062571)
p_4: (x - 121.11957458)² + (y - 29.09062571)² = 552.25
L_2: (144.00008326, 34.4508797)
q_4: (x - 144.00008326)² + (y - 34.4508797)² = 0.02831513
