A: (0, 0)
c: x² + y² = 25
B: (5, 0)
C: (-5, 0)
d: (x - 5)² + y² = 100
D: (0, -8.66025404)
e: (x + 5)² + y² = 4.9382716
E: (-2.77777778, 0)
a: 8.66025404x - 2.77777778y = -24.05626122
F: (-3.81459366, -3.232472)
b: 3.44297305
f: (x + 3.81459366)² + (y + 3.232472)² = 11.85406344
G: (-0.8204499, -4.93222688)
g: (x + 0.8204499)² + (y + 4.93222688)² = 11.85406344
H: (2.56272046, -4.29330454)
h: (x - 2.56272046)² + (y + 4.29330454)² = 11.85406344
I: (4.73074478, -1.61865803)
k: (x - 4.73074478)² + (y + 1.61865803)² = 11.85406344
J: (4.65562716, 1.82349548)
p: (x - 4.65562716)² + (y - 1.82349548)² = 11.85406344
K: (2.37298554, 4.40101575)
q: (x - 2.37298554)² + (y - 4.40101575)² = 11.85406344
L: (-1.03483692, 4.89173922)
r: (x + 1.03483692)² + (y - 4.89173922)² = 11.85406344
M: (-3.95197848, 3.0629832)
s: (x + 3.95197848)² + (y - 3.0629832)² = 11.85406344
N: (-4.9952399, -0.2181247)
t: (x + 4.9952399)² + (y + 0.2181247)² = 11.85406344
O: (-3.66994569, -3.39580604)
i: 3.44297305
j: 3.44297305
l: 3.44297305
m: 3.44297305
n: 3.44297305
a_1: 3.44297305
b_1: 3.44297305
LADO: 3.44297305
d_1: 3.44297305
e_1: 1.04326142x + 3.2811079y = 0
P: (?, ?)
Q: (0, 0)
R: (?, ?)
f_1: 1.04326142x + 3.2811079y = 0
S: (-4.47360919, 1.42242925)
g_1: 4.69430337
RADIO: 5
areac: 78.53981634
