A1: 16
A3: 68
A4: 92
A5: 47
A6: 4
A7: 84
A8: 8
A2: 47
B1: 90
B3: 20
B4: 1
B5: 86
B2: 14
C1: 12
C2: 82
C3: 62
C4: 25
C5: 77
C6: 77
C7: 50
C8: 33
C9: 48
B11: 5
B12: 10
A11: 18
A12: 1
B13: 4
A13: 5
A15: 0.475
