a: x - 3y = -12
b: x = 3
c: 2x + 3y = 3
α: 71.56505118°
β: 52.12501635°
γ: 307.87498365°
