O23: 5
C23: 2
B23: 5
A23: 10
D23: 2
C12: 2
B12: 5
A12: 8
D12: 14
B2: 5
A2: 3
C2: 2
E2: 10
D2: 9
B3: 1
B15: 2
A15: 10
C15: 2
D15: 12
K15: 1
N15: 418
O15: 396
B16: 1
A16: 3
C16: 1
D16: 7
K16: 2
N16: 926
O16: 475
B17: 1
A17: 5
C17: 2
D17: 4
K17: 2
N17: 861
O17: 587
B18: 3
A18: 7
C18: 2
D18: 9
K18: 2
N18: 688
B19: 2
O18: 574
A19: 7
C19: 1
D19: 1
K19: 2
N19: 648
O19: 544
B5: 5
B4: 4
B6: 5
B7: 3
A3: 7
A4: 8
A5: 4
A6: 10
A7: 5
C3: 1
C4: 2
C5: 2
C6: 1
C7: 1
D3: 3
D4: 10
D5: 4
D6: 12
D7: 4
E3: 2
E4: 8
E5: 6
B8: 5
A8: 4
B9: 1
A9: 9
B10: 5
A10: 6
B11: 1
C8: 1
C9: 1
C10: 2
C11: 2
D8: 2
D9: 9
D10: 6
K10: 2
K11: 2
N10: 13
O10: 27
RandomBetween[B11 + 1, 10 + If[a, 0, 0]]: 6
D11: -5
N11: 2
O11: 37
K12: 2
N12: 107
O12: 249
B13: 2
A13: 2
C13: 2
D13: 11
K13: 2
N13: 119
O13: 134
B20: 5
A20: 8
C20: 2
B21: 2
A21: 7
C21: 1
B22: 1
A22: 3
C22: 2
D20: 10
D21: 10
D22: 5
O20: 19
O21: 6
O22: 4
K20: 2
K21: 2
K22: 1
K23: 1
L20: 94
L21: 89
L23: 3
L22: 3
M20: 201
M21: 146
M22: 48
M23: 0
b: 1.67952941
c: 1.65929412
d: 1.6594175
e: 2.40808502
