F2: 118
c: 0 = 0
D: (6.54821734, 4.80285128)
D'_1: (?, ?)
α: ?
H2: 57
e: (x - 10.82)² + (y - 6.86)² = 9
F: (8.28631929, 5.25361833)
F': (11.59448127, 9.75830619)
β: 102°
F4: 1
F5: 1
a: 19.41648784
b: 19.41648784
A: (1, 1)
d: (x - 5.62576923)² + (y - 1.97384615)² = 25
J: (0.90774103, 0.31848821)
J': (9.03170778, 5.63439019)
γ: 102°
f: -3.66054403x + 3.40593855y = -13.87057729
K: (9.09707909, 5.70464823)
t: 144.82518274°
L: (2.03095436, -1.88969335)
u: 35.17481726°
v: 144.82518274°
w: 35.17481726°
r: 144.82518274°
q: 35.17481726°
M: (2.03095436, -1.88969335)
s: 144.82518274°
p: 35.17481726°
g: 15.57063603
E7: 145°
E8: 145°
E9: 35°
E10: 145°
E11: 35°
E12: 145°
E13: 35°
E14: 35°
J15: 360°
A1: 2
B1: 1
poly1: 35.4746
n: 0.7
o: 25.14000796
p_1: 2.62068693
q_1: 9.02035476
r_1: 1.96
s_1: 16.18001236
