c: x² + y² = 1
A: (1; 20°)
β: 20°
a: 1
b: x = 0.93969262
C: (0.93969262, 0)
u: (0, 0.34202014)
d: 0.34202014
v: (0.93969262, 0)
e: 0.93969262
f: 0.34202014
g: y = 0.34202014
D: (0, 0.34202014)
h: 0.93969262
P': (-0.93969262, 0.34202014)
i: 0.93969262
j: 0.34202014
k: x = -0.93969262
P'': (-0.93969262, -0.34202014)
l: 0.68404029
G: (-0.93969262, 0)
P''': (0.93969262, -0.34202014)
m: 0.34202014
n: 1.87938524
P: (0.93969262, 0.34202014)
p: 1
q: 1
r: 1
E: (0, -0.34202014)
