A: (0, 0)
B: (0, 0)
a: 80
b: 40
c: 150
d: 90
sDer: (40 + 20)² 2 x / (2 sqrt(90² + (40 + 20)² x²))
