f: -0.00021343 x⁷ + 0.0028724 x⁶ - 0.00610543 x⁵ - 0.04060173 x⁴ + 0.09923032 x³ + 0.18989198 x² - 0.20202625 x + 1.79655793
