f: -16 x² + 50 x + 36
B: (0, 36)
C: (3.72846543, 0)
b: x = 0
E: (0, 0)
c: 50
d: y = 50
F: (0, 50)
p: 0
e: x = 0
G: (0, 0)
g: 36
i: y = 36
H: (0, 36)
j: 0
J: (0, 0)
s: 36
polígono1: 72
i_1: 2
l_1: 36
k_1: 2
j_1: 36
polígono2: 3.79281777
m_1: 6.15858569
n_1: 0.61585857
o_1: 6.15858569
p_1: 0.61585857
polígono3: 4.3547167
q_1: 6.15862793
r_1: 0.6842873
s_1: 6.15862793
t_1: 0.72990645
polígono4: 6.08723839
u: 5.93048992
w: 1.02643095
z: 5.93048992
a_1: 1.02643095
polígono5: 4.99465714
b_1: 6.842911
c_1: 0.72990645
d_1: 6.842911
e_1: 0.72990645
polígono6: 4.42495406
f_1: 6.15858569
g_1: 0.72990645
h_1: 6.15862793
i_2: 0.70709688
