A: (0, 0)
c: x² + y² = 1
C: (-1, 0)
D: (1, 0)
B: (1, 0)
P: (1, 0)
a: 0
b: 0
d: 1
F: (?, ?)
e: ?
f: 1
β: 0°
i: x = 1
j: y = 0
G: (1, 0)
k: 1
l: 0
n: y = 1
I: undefined
p: ?
q: ?
r: x = 1
J: undefined
K: (1, 0)
s: ?
t: 1
