A: (-1.18247816, 0)
B: (-0.5151615, 0)
C: (1.08231569, 0)
D: (?, ?)
E: (?, ?)
