A: (0, 0)
u: (1.64, -1.06)
conjugado: 1.64 + 1.06i
v: (1.64, 1.06)
w: (-1.64, 1.06)
