A16: 6
C16: 6
D16: 1
F16: 28
E16: 37
G16: 37
A15: 8
C15: 3
D15: 2
F15: 27
E15: 70
G15: 35
F14: 4
D14: 2
C14: 2
E14: 49
A14: 7
G14: 24
F13: 94
D13: 1
C13: 6
E13: 79
A13: 2
G13: 26
F12: 83
D12: 2
C12: 3
E12: 9
A12: 8
G12: 1
D21: 1
F21: 30
C21: 6
F20: 64
D20: 1
C20: 2
F19: 16
D19: 1
C19: 4
F18: 15
D18: 1
C18: 2
F17: 18
D17: 1
C17: 8
A2: 8
B2: 5
C2: 8
D2: 2
F2: 18
A3: 9
A4: 4
A5: 1
A6: 2
B3: 2
B4: 6
B5: 3
B6: 9
C3: 10
C4: 10
C5: 9
C6: 1
D3: 1
D4: 2
D5: 1
D6: 2
F3: 4
F4: 102
F5: 0
F6: 27
A7: 1
A8: 9
A9: 3
A10: 9
A11: 10
C7: 7
C8: 9
C9: 8
C10: 1
C11: 2
D7: 1
D8: 2
D9: 1
D10: 2
D11: 1
F7: 17
F8: 50
F9: 98
F10: 77
F11: 53
E7: 86
E8: 58
E9: 16
E10: 9
E11: 32
A17: 9
A18: 5
A19: 8
A20: 10
A21: 10
E17: 9
E18: 10
E19: 13
E20: 61
E21: 24
H12: 0.5
H13: 0.33333333
H14: 0.5
H16: 0
H15: 0
I2: 21
I3: 20
I4: 19
I5: 22
I6: 2
I7: 18
I8: 21
I9: 13
I10: 23
I11: 14
I12: 19
I13: 2
I14: 24
I15: 10
I16: 7
