A2: 13
A1: 9
b_1: 17
c: 22.02271555
a: 14
α: 270°
distanceAB: 14
distanceBC: 17
