A: (0, 0)
A2: 0
B: (0, 0)
a: 3.0266803
C: (0, 0)
b: 10.34
c: y = 1.00870572
d: x = 0.1983952
e: x = 0.49829493
f: x = 0.70130397
g: x = 1
I: (0.1983952, 1.00870572)
J: (0.49829493, 1.00870572)
h: 0.29989972
K: (0.1983952, 0)
i: 1.00870572
L: (0.49829493, 0)
j: 1.00870572
k: y = 1.00870572
N: (0.70130397, 1.00870572)
O: (1, 1.00870572)
l: 0.29869603
P: (1, 0)
m: 1.00870572
Q: (0.70130397, 0)
n: 1.00870572
p: x = 1.1995989
q: x = 1.50411246
r: y = 1.02636219
U: (1.1995989, 1.02636219)
V: (1.50411246, 1.02636219)
s: 0.30451357
W: (1.50411246, 0)
t: 1.02636219
Z: (1.1995989, 0)
a_1: 1.02636219
b_1: x = 1.69789382
c_1: x = 1.99779355
d_1: y = 1.02636219
D_1: (1.69789382, 1.02636219)
E_1: (1.99779355, 1.02636219)
e_1: 0.29989972
F_1: (1.99779355, 0)
f_1: 1.02636219
G_1: (1.69789382, 0)
g_1: 1.02636219
j_1: x = 2.2
k_1: y = 0.99104925
K_1: (2.2, 0.99104925)
l_1: x = 2.50070232
M_1: (2.50070232, 0.99104925)
N_1: (2.50070232, 0)
m_1: 0.99104925
O_1: (2.2, 0)
n_1: 0.99104925
h_1: 0.30070232
Q_1: (0.49829493, 0)
R_1: (0.1983952, 0)
poly1: 0.89984959
h_2: 0.3
p_1: 3.00000048
q_1: 0.29989972
r_1: 3.00000043
A3: 3
A4: 8
A5: 3
A6: 1
S_1: (0.70130397, 0)
V_1: (1, 0)
poly2: 0.89804404
s_1: 3.00000028
t_1: 0.3
u_1: 3
v_1: 0.29869603
Z_1: (1.1995989, 0)
A_2: (1.50411246, 0)
poly3: 0.90677035
w_1: 3.00000003
z_1: 0.30451357
a_2: 3.00000282
b_2: 0.3
E_2: (1.99779355, 0)
F_2: (1.69789382, 0)
poly4: 0.29994986
c_2: 0.3
d_2: 1.00000243
e_2: 0.29989972
f_2: 1.00000222
I_2: (2.50070232, 0)
J_2: (2.2, 0)
poly5: 0.59770232
g_2: 0.3
h_3: 1.98000012
i_2: 0.30136669
j_2: 2
poly6: 0.30780574
g_3: 1.02636219
d_3: 0.29989972
e_3: 1.02636219
f_3: 0.29989972
poly7: 0.30251057
k_2: 1.00870572
i_1: 0.29989972
j_3: 1.00870572
l_2: 0.29989972
poly8: 0.30129639
q_2: 1.00870572
n_2: 0.29869603
o_1: 1.00870572
p_2: 0.29869603
poly9: 0.31254121
z: 1.02636219
u: 0.30451357
v: 1.02636219
w: 0.30451357
poly10: 0.29500378
j_4: 0.99104925
k_3: 0.30070232
m_2: 0.97104925
i_3: 0.30136669
text2: \begin{array}{ll}Colour&Freq \\  &  \\ Red&3 \\ Blue&3 \\ Silver&3 \\ Black&1 \\ Other&2 \\ \end{array}
r_2: 0.35939
s_2: x = -0.90645
t_2: y = 5.36985379
a_3: y = 3.7807715
S_2: (-0.90645, 3.7807715)
b_3: 2.2192285
c_3: x = -0.71003733
l_3: x = -0.54706008
V_2: (-0.54706008, 3.7807715)
m_3: 0.35938992
n_3: 2.2192285
W_2: (-0.71003733, 6)
Z_2: (-0.54706008, 3.7807715)
p_3: 2.2192285
A_3: (-0.90645, 3.7807715)
B_3: (-0.54706002, 5.36985379)
q_3: 0.35982344
