A1: 1
B1: 2
B2: 4
B4: 1
B5: 1
B3: 2
a_1: 27
b_1: 5
poly1: 58.858
a: 3.32096372
b: 17.96004454
c: 3.2605521
d: 17.82001122
poly2: 1
e: 1
f: 1
g: 1
h: 1
B15: 108
text3: \begin{array}{cc}3 ≤ x < 6&24 \\ 6 ≤ x < 7&4 \\ 7 ≤ x < 10&60 \\ 10 ≤ x < 11&16 \\ 11 ≤ x < 12&4 \\ \end{array}
