A26: 92
B25: 3
A25: 28
B24: 16
A24: 46
B23: 16
A23: 6
B22: 7
A22: 2
B21: 3
A21: 6
B20: 16
A20: 9
B19: 4
A19: 187
B18: 20
A18: 186
B17: 18
A17: 255
B16: 5
A16: 48
B15: 14
A15: 72
B14: 11
A14: 26
B13: 11
A13: 42
B12: 9
A12: 6
B11: 20
A11: 17
B10: 20
A10: 11
B9: 7
A9: 1
B8: 14
A8: 14
B7: 6
A7: 8
B6: 5
A6: 9
B5: 1
A5: 9
B4: 9
A4: 7
B3: 1
A3: 3
B2: 9
A2: 3
C11: 24
C12: 12
C14: 39
C13: 28
C15: 6
C16: 34
C17: 184
C2: 3
C3: 25
C4: 6
C5: 29
C6: 14
C7: 26
C8: 29
C9: 7
C10: 16
C20: 9
C21: 6
C24: 2
C25: 40
C18: 162
C19: 303
C22: 12
C23: 12
C26: 25
B26: 2
