B6: 5
B4: 8
a: 2.98964881
b: 1.44x + 2.62y = -1.7712
c: 1.44x + 2.62y = 15.82878949
d: 2.62x - 1.44y = 11.66
e: 2.62x - 1.44y = 36.5694944
f: 3.01236877
H: (13.26980669, -1.25180616)
h: -26.4229625x - 5.1728675y = -344.15217712
I: (10.43427471, -6.41089908)
i: -26.4229625x - 5.1728675y = -242.54171783
J: (3.1325433, -2.39773372)
j: -26.4229625x - 5.1728675y = -70.36791526
G: (5.96807528, 2.76135919)
g: -26.4229625x - 5.1728675y = -171.97837455
k: 5.88697556
l: 8.33191321
m: 5.88697556
n: 8.33191321
p: 2.62x - 1.44y = 7.631675
q: 2.62x - 1.44y = -0.74803118
L: (4.72422567, 9.11493225)
M: (1.88869369, 3.95583934)
s: -207.08727375x - 376.78378973y = -1881.62056385
t: 6.47418354
a_1: 5.88697556
b_1: 6.47418354
N: (9.1904251, -0.05732602)
c_1: 45836.00699242x - 25192.30918668y = 422696.56382363
d_1: 6.47418354
O: (12.02595708, 5.10176689)
r: 3622921.27003276x + 6591703.97742071y = 77198432.82929087
e_1: 6.47418354
f_1: 5.88697556
g_1: 8.33191321
h_1: 5.88697556
i_1: 8.33191321
distanceJI: 8.33191321
B5: 9
distanceNO: 5.88697556
distanceJM: 6.47418354
