f: undefined
g: 0.06130056 x⁴ - 0.94187305 x³ + 4.53432335 x² - 7.47895314 x + 8.78685658
