f: -0.00000684 x⁷ + 0.00018698 x⁶ - 0.00124518 x⁵ - 0.00270414 x⁴ + 0.02645041 x³ + 0.09563354 x² - 0.22795169 x + 0.71538361
