f: undefined
h: -0.00000674 x⁷ + 0.00045753 x⁶ - 0.01226102 x⁵ + 0.16527908 x⁴ - 1.17959409 x³ + 4.19932101 x² - 5.49595526 x - 4.45179669
