f: 0.0629955 x⁴ - 0.33410799 x³ - 0.32325598 x² + 1.45576393 x + 4.57419057
