f: 0.00551984 x⁵ - 0.15733005 x⁴ + 1.70646756 x³ - 8.84277083 x² + 22.55053423 x - 20.86515061
