f: 0 x⁹ - 0.00000003 x⁸ + 0.00000341 x⁷ - 0.00018423 x⁶ + 0.00558815 x⁵ - 0.0946561 x⁴ + 0.84685815 x³ - 3.9535323 x² + 15.30077212 x - 1.02338105
