f: undefined
h: 0.00000669 x^12 - 0.00052786 x^11 + 0.01865297 x^10 - 0.38951249 x⁹ + 5.34256846 x⁸ - 50.59730269 x⁷ + 338.49596212 x⁶ - 1608.05195086 x⁵ + 5371.70291564 x⁴ - 12280.97633629 x³ + 18211.8135537 x² - 15710.96154244 x + 5961.02676276
