h: 0.49629868 x⁴ - 0.44242848 x³ - 3.2282745 x² + 3.33187238 x + 3.00651345
