f: 0.01924477 x⁴ - 0.13808919 x³ - 0.11438936 x² + 1.2649502 x + 3.75940635
