A: (0, 0)
B: (0, 0)
uppersum: 8.53009292
lowersum: 6.81336683
