MN: 1.83811039
g: 1.83811039
O: (3.020202, 0.10831)
k: (x - 3.63251185)² + (y - 0.13026856)² = 0.37540553
P_1: (4.20675092, 0.34393892)
P: (4.20675092, 0.34393892)
Q: (3.59608506, 0.29401161)
p: (x - 4.20675092)² + (y - 0.34393892)² = 0.37540553
R: (4.78098999, 0.55760927)
a: -0.24037915x + 1.18186414y = 2.90018833
C: (-0.47927403, 2.35643062)
D: (-0.47927403, 2.35643062)
b: 1.59851077
b_1: 2.35440014
b: 2.35440014
F: (13.54553025, 3.25329329)
d: (x - 13.74)² + (y - 3.3)² = 0.04
G: (13.64316005, 3.4749915)
G': (13.56863839, 3.4031271)
G'': (13.74362989, 3.49996706)
e: 0.2
f: 0.2
a: x = 12.7
b: y = 5.5
c: y = 3.92
d: x = 10.48
C: (12.7, 3.92)
D: (10.48, 5.5)
a: 1.36235091
b: -0.08x - 1.36y = -5.3792
C: (10.17421571, 3.24874574)
d: (x - 10.46)² + (y - 3.34)² = 0.09
D: (10.75948231, 3.32238339)
E: (10.47761661, 3.63948231)
e: -0.08x - 1.36y = -5.78790527
f: 1.36x - 0.08y = 14.36710527
F: (10.77709892, 3.62186571)
многоугольник1: 0.09
a_1: 0.3
d_1: 0.3
f_1: 0.3
e_1: 0.3
многоугольник1: 0.09
a_1: 0.3
d_1: 0.3
f_1: 0.3
e_1: 0.3
A: (0, 0)
B: (0, 0)
C: (0, 0)
D: (0, 0)
a: 5.08802528
b: 7.0886557
c: 0.2236068
d: 0.2236068
e: 0.2236068
O: (0, 0)
G': (0.1, 3.45582938)
B': (0, 3.65582938)
e': 0.2236068
список1: {0.1, 0.1, 0.1, 0.1, 0.1, 0.1, 0.1}
список2: {0.1, 0.1, 0.1, 0.1, 0.1}
f: 0.5 x²
g: y = 3.65582938
J: (-2.70400791, 3.65582938)
K: (2.70400791, 3.65582938)
h: x = 2.70400791
L: (2.70400791, 0)
L': (-2.70400791, 0)
i: 5.40801582
M: (0, 0)
локус1: 
N': (-1.83202925, 1.67816559)
N': (-1.83202925, 1.67816559)
локус2: 
B'_1: (0, 3.65582938)
C': (0, -1.43219589)
a': 5.08802528
G'_1: (-0.1, 3.45582938)
B'_2: (0, 3.65582938)
e'_1: 0.2236068
G'': (0.1, 3.45582938)
B'': (0, 3.65582938)
e'': 0.2236068
D': (-3.55630183, 0)
A': (3.53235387, 0)
b': 7.0886557
A'_1: (3.53235387, 0)
F': (3.33235387, -0.1)
d': 0.2236068
E': (3.33235387, 0.1)
A'_2: (3.53235387, 0)
c': 0.2236068
j: x = -1.33333333
H: (-1.33333333, 0)
многоугольник1: 0
i_1: 0
o: 1.33333333
p_1: 1.33333333
