MN: 1.83811039
g: 1.83811039
O: (3.020202, 0.10831)
k: (x - 3.63251185)² + (y - 0.13026856)² = 0.37540553
P_1: (4.20675092, 0.34393892)
P: (4.20675092, 0.34393892)
Q: (3.59608506, 0.29401161)
p: (x - 4.20675092)² + (y - 0.34393892)² = 0.37540553
R: (4.78098999, 0.55760927)
a: -0.24037915x + 1.18186414y = 2.90018833
C: (-0.47927403, 2.35643062)
D: (-0.47927403, 2.35643062)
b: 1.59851077
b_1: 2.35440014
b: 2.35440014
F: (13.54553025, 3.25329329)
d: (x - 13.74)² + (y - 3.3)² = 0.04
G: (13.64316005, 3.4749915)
G': (13.56863839, 3.4031271)
G'': (13.74362989, 3.49996706)
e: 0.2
f: 0.2
a: x = 9.64199052
b: y = 0
c: y = 3.8
d: x = 14.88626224
C: (9.64199052, 3.8)
D: (14.88626224, 0)
a: 1.36235091
b: -0.08x - 1.36y = -5.3792
C: (10.17421571, 3.24874574)
d: (x - 10.46)² + (y - 3.34)² = 0.09
D: (10.75948231, 3.32238339)
E: (10.47761661, 3.63948231)
e: -0.08x - 1.36y = -5.78790527
f: 1.36x - 0.08y = 14.36710527
F: (10.77709892, 3.62186571)
многоугольник1_1: 0.09
a_2: 0.3
d_2: 0.3
f_2: 0.3
e_2: 0.3
многоугольник1: 0.09
a_1: 0.3
d_1: 0.3
f_1: 0.3
e_1: 0.3
ap1: {-3, -1, 1, 3, 5, 7, 9, 11, 13, 15, 17, 19, 21, 23, 25, 27, 29, 31, 33, 35, 37, 39, 41, 43, 45, 47, 49, 51, 53, 55, 57, 59, 61, 63, 65, 67, 69, 71, 73, 75, 77, 79, 81, 83, 85, 87, 89, 91, 93, 95, 97, 99, 101, 103, 105, 107, 109, 111, 113, 115, 117, 119, 121, 123, 125, 127, 129, 131, 133, 135, 137, 139, 141, 143, 145, 147, 149, 151, 153, 155, 157, 159, 161, 163, 165, 167, 169, 171, 173, 175, 177, 179, 181, 183, 185, 187, 189, 191, 193, 195, 197, 199, 201, 203, 205, 207, 209, 211, 213, 215, 217, 219, 221, 223, 225, 227, 229, 231, 233, 235, 237, 239, 241, 243, 245, 247, 249, 251, 253, 255, 257, 259, 261, 263, 265, 267, 269, 271, 273, 275, 277, 279, 281, 283, 285, 287, 289, 291, 293, 295, 297, 299, 301, 303, 305, 307, 309, 311, 313, 315, 317, 319, 321, 323, 325, 327, 329, 331, 333, 335, 337, 339, 341, 343, 345, 347, 349, 351, 353, 355, 357, 359, 361, 363, 365, 367, 369, 371, 373, 375, 377, 379, 381, 383, 385, 387, 389, 391, 393, 395, 397, 399, 401, 403, 405, 407, 409, 411, 413, 415, 417, 419, 421, 423, 425, 427, 429, 431, 433}
ap: {-3, -1, 1, 3, 5, 7, 9, 11, 13, 15, 17, 19, 21, 23, 25, 27, 29, 31, 33, 35, 37, 39, 41, 43, 45, 47, 49, 51, 53, 55, 57, 59, 61, 63, 65, 67, 69, 71, 73, 75, 77, 79, 81, 83, 85}
sum: 47085
f: -3 + 2 (x - 1)
zd: + 
num: {1, 2, 3, 4, 5, 6, 7, 8, 9, 10, 11, 12, 13, 14, 15, 16, 17, 18, 19, 20, 21, 22, 23, 24, 25, 26, 27, 28, 29, 30, 31, 32, 33, 34, 35, 36, 37, 38, 39, 40, 41, 42, 43, 44, 45}
pr: {"", "", "", "", "", "", "", "", "", "", "", "", "", "", "", "", "", "", "", "", "", "", "", "", "", "", "", "", "", "", "", "", "", "", "", "", "", "", "", ""}
t: \begin{array}{lllllllllllllllllllllllllllllllllllllllllllll}1&2&3&4&5&6&7&8&9&10&11&12&13&14&15&16&17&18&19&20&21&22&23&24&25&26&27&28&29&30&31&32&33&34&35&36&37&38&39&40&41&42&43&44&45 \\  & & & & & & & & & & & & & & & & & & & & & & & & & & & & & & & & & & & & & & & &&&&& \\ -3&-1&1&3&5&7&9&11&13&15&17&19&21&23&25&27&29&31&33&35&37&39&41&43&45&47&49&51&53&55&57&59&61&63&65&67&69&71&73&75&77&79&81&83&85 \\ \end{array}
a: y = 3.77000948
b: y = 5.55482464
C: (0, 5.55482464)
D: (0, 3.77000948)
E: (0, 3.77000948)
F: (0, 5.55482464)
многоугольник1: 47.78347765
c: 1.78495118
d_1: 27.96210427
e: 2.99234895
f_1: 25.58235071
g: y = 0.28851817
H: (0, 3.77000948)
I: (0, 0.28851817)
J: (0, 0.28851817)
K: (0, 3.77000948)
многоугольник2: ?
h: ?
i: ?
j: 3.48177022
k_1: 28.02820853
l: ?x = ?
M: (?, ?)
N: (?, ?)
O: (?, ?)
P: (?, ?)
многоугольник3: ?
m: ?
n_1: ?
o: ?
p_1: ?
zf: +
zf2: -
zf3: +
zfk: +
R: (0, 3.77000948)
S: (-6.17896367, 3.77000948)
T: (0.21111532, 0.20037915)
U: (0, 3.77000948)
V: (0.21111532, 3.77000948)
W: (9.64199052, 0.20037915)
Z: (0, 3.77000948)
A_1: (9.64199052, 3.77000948)
B_1: (15.06254028, 0.20037915)
C_1: (0, 3.77000948)
D_1: (15.06254028, 3.77000948)
E_1: (21.80517536, 0.20037915)
zfpq: +
ra: 1
rb: 1
f2: 2 x + 1
rbb: -10
raa: 0
zrbb: -
f4: 0 x² - 7
tt: =0\cdot2^2-7-(0\cdot1^2-7)=0.
F_1: (0, 5.55482464)
многоугольник4: 46.75
h_1: 27.5
k_2: 1.7
j_1: 27.5
g_1: 1.7
s: y = 0
M_1: (0, 3.8)
N_1: (-6, 3.8)
O_1: (0.34332385, 0)
многоугольник5: 24.10463065
h_2: 6.34332385
m_1: 3.8
o_1: 6.34332385
i_1: 3.8
P_1: (0, 3.8)
Q_1: (0.34332385, 3.8)
R_1: (9.64199052, 0)
S_1: (0, 3.8)
T_1: (9.64199052, 3.8)
U_1: (14.88626224, 0)
многоугольник6: 35.33493333
o_2: 3.8
m_2: 9.29866667
p_2: 3.8
r_1: 9.29866667
многоугольник7: 19.92823254
r_2: 5.24427172
u_1: 3.8
s_1: 5.24427172
p_3: 3.8
многоугольник8: 25.13220348
u_2: 6.61373776
l_1: 3.8
k_3: 6.61373776
s_2: 3.8
