MN: 1.83811039
g: 1.83811039
O: (3.020202, 0.10831)
k: (x - 3.63251185)² + (y - 0.13026856)² = 0.37540553
P_1: (4.20675092, 0.34393892)
P: (4.20675092, 0.34393892)
Q: (3.59608506, 0.29401161)
p: (x - 4.20675092)² + (y - 0.34393892)² = 0.37540553
R: (4.78098999, 0.55760927)
a: -0.24037915x + 1.18186414y = 2.90018833
C: (-0.47927403, 2.35643062)
D: (-0.47927403, 2.35643062)
b: 1.59851077
b_1: 2.35440014
b: 2.35440014
F: (13.54553025, 3.25329329)
d: (x - 13.74)² + (y - 3.3)² = 0.04
G: (13.64316005, 3.4749915)
G': (13.56863839, 3.4031271)
G'': (13.74362989, 3.49996706)
e: 0.2
f: 0.2
a: x = 12.7
b: y = 5.5
c: y = 3.92
d: x = 10.48
C: (12.7, 3.92)
D: (10.48, 5.5)
a: 1.36235091
b: -0.08x - 1.36y = -5.3792
C: (10.17421571, 3.24874574)
d: (x - 10.46)² + (y - 3.34)² = 0.09
D: (10.75948231, 3.32238339)
E: (10.47761661, 3.63948231)
e: -0.08x - 1.36y = -5.78790527
f: 1.36x - 0.08y = 14.36710527
F: (10.77709892, 3.62186571)
многоугольник1: 0.09
a_1: 0.3
d_1: 0.3
f_1: 0.3
e_1: 0.3
многоугольник1: 0.09
a_1: 0.3
d_1: 0.3
f_1: 0.3
e_1: 0.3
g: 1.8x - 1.48y = 15.4336
F': (5.68, -3.52)
G': (7.48, -5)
h: 1.48x + 1.8y = 2.0704
i: -1.8x + 1.48y = -9.676
I: (?, ?)
j: ?x = ?
J: (?, ?)
H1: (?, ?)
I1: (?, ?)
poly3: ?
h1: ?
g1: ?
i1: ?
e1: ?
D: (0, 0)
F: (0, 0)
G: (0, 0)
v: (0, 7.83761258)
e: y = 6.94859375
f: sqrt(x + 2) + sqrt(3 x + 3)
A: (5.11145117, 6.94859375)
c: x = 4.61145117
C: (4.61145117, 6.67424309)
p: sqrt(x + 2) + sqrt(3 x + 3)
d: x = -1.96
g: y = -0.88901884
E: (-1.96, 6.94859375)
H: (-1.96, -0.88901884)
I: (4.61145117, -0.88901884)
многоугольник1: 51.50448834
e_1: 6.57145117
b_1: 7.83761258
i: 6.57145117
h: 7.83761258
m: 5
J: (4.61145117, 0)
u: (6.57145117, 0)
K: (0, 0)
L: (2, 5)
j: x = 2
M: (2, 0)
N: (0, 5)
n: y = 5
O: (4.61145117, 5)
P: (-1.96, 5)
w: (6.57145117, 0)
z: (0, -5)
v2: 0
v3: 0
P': (-1.96, 5)
q: 0
Q: (?, ?)
R: (?, ?)
R': (?, ?)
k: ?
