a: -1.96965522x + 6.24278257y = -9.26899818
C: (0.42604274, -1.35033389)
D: (0.42604274, -1.35033389)
b: 8.6762276
a: 0.58204336x - 6.07371534y = -21.16968733
b: 6.07371534x + 0.58204336y = 6.10956281
D: (0.59203038, 3.15611752)
d: (x - 0.66577688)² + (y - 3.54926056)² = 0.16
F: (0.70393403, 3.15108468)
многоугольник1: 0.16
e: 0.4
f: 0.4
g: 0.4
h: 0.4
G: (1.10210991, 3.18924183)
H: (1.06395276, 3.58741771)
MN: 2.89621444
g: 2.89621444
O: (-1.31924936, 1.91167111)
k: (x + 1.86758243)² + (y - 2.70623847)² = 0.93200646
P: (-1.64844938, 1.76603256)
P: (-1.64844938, 1.76603256)
Q: (-0.98970352, 1.06029865)
p: 0 = 0
R: (?, ?)
b: 5.43727489
b: 5.43727489
F: (0, 4.59521913)
d: x² + (y - 4.79521913)² = 0.04
G: (0, 4.59521913)
G': (0.1, 4.62201405)
G'': (-0.1, 4.62201405)
e: 0.2
f: 0.2
a: x = -1.23225339
b: y = -0.26887011
c: y = 2.15884304
d: x = 3.00520955
C: (-1.23225339, 2.15884304)
D: (3.00520955, -0.26887011)
I_5: (0, 0)
J_5: (0, 0)
v_1: (?, ?)
h_{27}: 2.73669482
i_{27}: x = -0.790851
D: (-0.790851, 0)
j_{27}: 1.98631075
k_{27}: 3.38155717
многоугольник41: 11.43492892
l_{27}: 3.38155717
m_{27}: 3.38155717
u_{12}: 3.38155717
v_{12}: 3.38155717
U_{12}: (3.93215457, 2.33540399)
V_{12}: (1.19545975, 4.32171475)
n_{27}: 4.13283245
Z_{12}: (2.46692625, 3.39887616)
p_{27}: 3.68054951
q_{27}: 3.97470536
A_{13}: (1.19545975, 4.32171475)
s_{27}: x² + y² - 2.3909195x - 8.64342949y = -20.10634235
B_{13}: (1.19545975, 4.32171475)
C_{13}: (2.42525617, 2.81346021)
c_{28}: (x - 2.75171513)² + (y - 3.19217455)² = 0.25
D_{13}: (2.75171513, 3.19217455)
d_{28}: x² + y² - 5.50343026x - 6.3843491y = -17.76191451
E_{13}: (2.75171513, 3.19217455)
F_{13}: (3.93215457, 2.33540399)
e_{28}: x² + y² - 7.86430913x - 4.67080798y = -20.91595133
G_{13}: (3.93215457, 2.33540399)
многоугольник42: 11.43492892
t_{28}: 3.38155717
b_{29}: 1.92296434
e_{29}: 1.45859283
g_{28}: 3.38155717
s_{28}: 3.38155717
H_{13}: (-0.790851, 1.58501993)
I_{13}: (0.37589858, 3.19254157)
J_{13}: (1.29003566, 2.52905498)
K_{13}: (1.98342022, 2.02579199)
L_{13}: (0.81667064, 0.41827035)
φ: 54.02761295°
M_{13}: (-0.790851, 1.58501993)
N_{13}: (1.19545975, 1.58501993)
O_{13}: (1.19545975, 0.45547973)
P_{13}: (1.19545975, -0.40129082)
Q_{13}: (-0.790851, -0.40129082)
R_{13}: (-0.790851, 1.58501993)
S_{13}: (-2.77716176, 1.58501993)
T_{13}: (-2.77716176, 0.45547973)
U_{13}: (-2.77716176, -0.40129082)
V_{13}: (-0.790851, -0.40129082)
многоугольник42''': 3.94543041
r_{28}: 1.98631075
s_{29}: 1.1295402
t_{29}: 0.85677056
u_{13}: 1.98631075
v_{13}: 1.98631075
χ: 35.97238705°
W_{13}: (-0.26896378, 1.20623082)
Z_{13}: (1.33855786, 3.42103841)
A_{14}: (2.59803561, 2.50690133)
B_{14}: (3.55336545, 1.81351677)
C_{14}: (1.94584381, -0.40129082)
D_{14}: (-0.790851, -0.40129082)
E_{14}: (-0.790851, 2.33540399)
F_{14}: (0.76540438, 2.33540399)
G_{14}: (1.94584381, 2.33540399)
H_{14}: (1.94584381, -0.40129082)
I_{14}: (-0.790851, -0.40129082)
J_{14}: (-0.790851, -3.13798564)
K_{14}: (0.76540438, -3.13798564)
L_{14}: (1.94584381, -3.13798564)
M_{14}: (1.94584381, -0.40129082)
многоугольник43': 7.48949851
i_{29}: 2.73669482
j_{29}: 1.55625538
k_{29}: 1.18043943
l_{29}: 2.73669482
m_{29}: 2.73669482
многоугольник44: 2.71796317
s_{30}: 1.98631075
t_{30}: 2.73669482
r_{29}: 3.38155717
A: (-0.790851, 0.59186455)
B: (0.5774964, 0.59186455)
C: (0.5774964, -0.40129082)
AD: 0.99315538
y1: 0
G: (-0.790851, 0.59186455)
a_2: 0
c: x² + y² + 1.58170201x - 1.18372911y = -0.97574896
H: (-0.790851, 0.59186455)
I: (-0.790851, 0.59186455)
S11: 0
h: 0
i: 0
e: 0
k: 0
l: 0
J: (-0.790851, 0.59186455)
K: (-0.790851, 0.59186455)
L: (-0.790851, 0.59186455)
b_2: y = 0.59186455
M: (0.5774964, 0.59186455)
d: x = 0.5774964
N: (0.5774964, -0.40129082)
f: x² + y² - 1.15499281x - 1.18372911y = -0.68380575
g: x² + y² - 1.15499281x + 0.80258165y = -0.49453642
O: (0.5774964, -0.40129082)
P: (0.5774964, -0.40129082)
Q: (0.5774964, 0.59186455)
R: (0.5774964, 0.59186455)
S13: 0
m: 0
n: 0
p: 0
t: 0
u: 0
S: (0.5774964, 0.59186455)
T: (0.5774964, 0.59186455)
U: (0.5774964, 0.59186455)
S12: 0
q: 0
o: 0
v: 0
w: 0
z: 0
V: (0.5774964, -0.40129082)
W: (0.5774964, -0.40129082)
Z: (0.5774964, -0.40129082)
