B6: 15
C4: 3
D4: 3
D3: 7
C3: 7
B4: 4
B3: 19
B5: 7
a: 0
