aa: 1
M: (1, 1)
N: (1, 5)
K: (1, 8)
L: (1, 2)
O: (1, 3)
P: (1, 9)
Q: (1, 7)
R: (1, 10)
S: (1, 4)
T: (1, 6)
TT: (10, 4)
SS: (10, 5)
RR: (10, 3)
LL: (10, 2)
QQ: (10, 1)
KK: (10, 10)
OO: (10, 7)
NN: (10, 9)
PP: (10, 8)
MM: (10, 6)
mm: 10.29563014
nn: 9.8488578
ll: 9
oo: 9.8488578
pp: 9.05538514
qq: 10.81665383
rr: 11.40175425
ss: 9.05538514
kk: 9.21954446
tt: 9.21954446
res: 9
resfin: 8
f: 6
g: 4
gg: 0
notek: 0
notel: 0
notem: 0
noten: 0
noteo: 0
notep: 0
noteq: 0
noter: 0
notes: 0
notet: 0
d: y = 11
B_1: (0, 11)
e: 2
