a: 0.82812283
b: 0.80551209
c: 0.78247965
D: (3.21786333, 3.11580938)
E: (3.4138524, 3.4544196)
F: (2.99979098, 3.4544196)
poly1: 0.07010272
f: 0.39123983
d: 0.41406142
e: 0.40275605
a: 1.5649593
b: 1.61102419
c: 1.65624567
D: (3.19578005, 3.79302983)
E: (4.02390289, 3.79302983)
F: (3.63192475, 3.11580938)
poly1: 0.28041086
f: 0.82812283
d: 0.78247965
e: 0.80551209
G: (3.39176912, 4.13164005)
H: (3.80583054, 4.13164005)
I: (3.60984147, 3.79302983)
g: 0.39123983
h: 0.40275605
i: 0.41406142
poly2: 0.07010272
J: (4.04598616, 3.11580938)
K: (4.24197524, 3.4544196)
L: (3.82791382, 3.4544196)
j: 0.41406142
k: 0.40275605
l: 0.39123983
poly3: 0.07010272
M: (3.21786333, 3.11580938)
N: (3.4138524, 3.4544196)
O: (2.99979098, 3.4544196)
m: 0.41406142
n: 0.40275605
p: 0.39123983
poly4: 0.07010272
a: 0.03703704
b: 0.03703704
c: 0.03703704
d: 0.03703704
M_1: (0.05555556, 0.03703704)
M_2: (0.05555556, 0)
diag_1: 0.04140867
diag_2: 0.04140867
diag_3: 0.05237828
E: (0.0617284, 0.02469136)
F: (0.04938272, 0.01234568)
t_1: y = 0.02469136
t_2: x = 0.0617284
t_3: y = 0.01234568
t_4: x = 0.04938272
G: (0.07407407, 0.01234568)
H: (0.07407407, 0.02469136)
I: (0.0617284, 0.03703704)
J: (0.04938272, 0.03703704)
K: (0.03703704, 0.02469136)
L: (0.03703704, 0.01234568)
M: (0.04938272, 0)
N: (0.0617284, 0)
O: undefined
P: undefined
poly_1: ?
p: ?
f: ?
o: ?
e: ?
a: 1.11111111
b: 1.11111111
c: 1.11111111
d: 1.11111111
M_1: (7.77777778, 3.88888889)
M_2: (6.66666667, 3.88888889)
diag_1: 1.24225999
diag_2: 1.24225999
diag_3: 1.5713484
E: (7.40740741, 4.07407407)
F: (7.03703704, 3.7037037)
t_1: x = 7.40740741
t_2: y = 4.07407407
t_3: x = 7.03703704
t_4: y = 3.7037037
G: (7.03703704, 4.44444444)
H: (7.40740741, 4.44444444)
I: (7.77777778, 4.07407407)
J: (7.77777778, 3.7037037)
K: (7.40740741, 3.33333333)
L: (7.03703704, 3.33333333)
M: (6.66666667, 3.7037037)
N: (6.66666667, 4.07407407)
O: (7.40740741, 3.7037037)
P: (7.03703704, 4.07407407)
poly_1: 0.13717421
p: 0.37037037
f: 0.37037037
o: 0.37037037
e: 0.37037037
Q: (7.40740741, 4.19753086)
R: (7.5308642, 4.19753086)
S: (7.65432099, 4.19753086)
T: (7.77777778, 4.19753086)
U: (7.5308642, 4.07407407)
V: (7.65432099, 4.07407407)
W: (7.5308642, 4.44444444)
Z: (7.65432099, 4.44444444)
A_1: (7.40740741, 4.32098765)
B_1: (7.77777778, 4.32098765)
C_1: (7.65432099, 4.32098765)
D_1: (7.5308642, 4.32098765)
poly1: 0.01524158
E_1: (7.40740741, 3.82716049)
F_1: (7.5308642, 3.82716049)
G_1: (7.65432099, 3.82716049)
H_1: (7.77777778, 3.82716049)
I_1: (7.5308642, 3.7037037)
J_1: (7.65432099, 3.7037037)
K_1: (7.5308642, 4.07407407)
L_1: (7.65432099, 4.07407407)
N_1: (7.40740741, 3.95061728)
O_1: (7.77777778, 3.95061728)
P_1: (7.65432099, 3.95061728)
Q_1: (7.5308642, 3.95061728)
poly2: 0.01524158
R_1: (7.40740741, 3.45679012)
S_1: (7.5308642, 3.45679012)
T_1: (7.65432099, 3.45679012)
U_1: (7.77777778, 3.45679012)
V_1: (7.5308642, 3.33333333)
W_1: (7.65432099, 3.33333333)
Z_1: (7.5308642, 3.7037037)
A_2: (7.65432099, 3.7037037)
B_2: (7.40740741, 3.58024691)
C_2: (7.77777778, 3.58024691)
D_2: (7.65432099, 3.58024691)
E_2: (7.5308642, 3.58024691)
poly3: 0.01524158
F_2: (7.03703704, 3.45679012)
G_2: (7.16049383, 3.45679012)
H_2: (7.28395062, 3.45679012)
I_2: (7.40740741, 3.45679012)
J_2: (7.16049383, 3.33333333)
K_2: (7.28395062, 3.33333333)
L_2: (7.16049383, 3.7037037)
N_2: (7.28395062, 3.7037037)
O_2: (7.03703704, 3.58024691)
P_2: (7.40740741, 3.58024691)
Q_2: (7.28395062, 3.58024691)
R_2: (7.16049383, 3.58024691)
poly4: 0.01524158
S_2: (6.66666667, 3.45679012)
T_2: (6.79012346, 3.45679012)
U_2: (6.91358025, 3.45679012)
V_2: (7.03703704, 3.45679012)
W_2: (6.79012346, 3.33333333)
Z_2: (6.91358025, 3.33333333)
A_3: (6.79012346, 3.7037037)
B_3: (6.91358025, 3.7037037)
C_3: (6.66666667, 3.58024691)
D_3: (7.03703704, 3.58024691)
E_3: (6.91358025, 3.58024691)
F_3: (6.79012346, 3.58024691)
poly5: 0.01524158
G_3: (6.66666667, 3.82716049)
H_3: (6.79012346, 3.82716049)
I_3: (6.91358025, 3.82716049)
J_3: (7.03703704, 3.82716049)
K_3: (6.79012346, 3.7037037)
L_3: (6.91358025, 3.7037037)
M_3: (6.79012346, 4.07407407)
N_3: (6.91358025, 4.07407407)
O_3: (6.66666667, 3.95061728)
P_3: (7.03703704, 3.95061728)
Q_3: (6.91358025, 3.95061728)
R_3: (6.79012346, 3.95061728)
poly6: 0.01524158
S_3: (6.66666667, 4.19753086)
T_3: (6.79012346, 4.19753086)
U_3: (6.91358025, 4.19753086)
V_3: (7.03703704, 4.19753086)
W_3: (6.79012346, 4.07407407)
Z_3: (6.91358025, 4.07407407)
A_4: (6.79012346, 4.44444444)
B_4: (6.91358025, 4.44444444)
C_4: (6.66666667, 4.32098765)
D_4: (7.03703704, 4.32098765)
E_4: (6.91358025, 4.32098765)
F_4: (6.79012346, 4.32098765)
poly7: 0.01524158
G_4: (7.03703704, 4.19753086)
H_4: (7.16049383, 4.19753086)
I_4: (7.28395062, 4.19753086)
J_4: (7.40740741, 4.19753086)
K_4: (7.16049383, 4.07407407)
L_4: (7.28395062, 4.07407407)
M_4: (7.16049383, 4.44444444)
N_4: (7.28395062, 4.44444444)
O_4: (7.03703704, 4.32098765)
P_4: (7.40740741, 4.32098765)
Q_4: (7.28395062, 4.32098765)
R_4: (7.16049383, 4.32098765)
poly8: 0.01524158
E: (0.11111111, 0.07407407)
F: (0.07407407, 0.07407407)
G: (0.03703704, 0.07407407)
H: (0, 0.07407407)
I: (0.07407407, 0.11111111)
J: (0.03703704, 0.11111111)
K: (0.07407407, 0)
L: (0.03703704, 0)
M: (0.11111111, 0.03703704)
N: (0, 0.03703704)
O: (0.03703704, 0.03703704)
P: (0.07407407, 0.03703704)
poly1: 0.00137174
Q: (0.11111111, 0.02469136)
R: (0.09876543, 0.02469136)
S: undefined
T: (0.07407407, 0.02469136)
U: (0.09876543, 0.03703704)
V: (0.08641975, 0.03703704)
W: (0.09876543, 0)
Z: (0.08641975, 0)
A_1: (0.11111111, 0.01234568)
B_1: (0.07407407, 0.01234568)
C_1: (0.08641975, 0.01234568)
D_1: undefined
poly2: ?
R_1: (0.11111111, 0.09876543)
S_1: (0.09876543, 0.09876543)
T_1: undefined
U_1: (0.07407407, 0.09876543)
V_1: (0.09876543, 0.11111111)
W_1: (0.08641975, 0.11111111)
Z_1: (0.09876543, 0.07407407)
A_2: (0.08641975, 0.07407407)
B_2: (0.11111111, 0.08641975)
C_2: (0.07407407, 0.08641975)
D_2: (0.08641975, 0.08641975)
E_2: undefined
poly4: ?
F_2: (0.07407407, 0.09876543)
G_2: (0.0617284, 0.09876543)
H_2: undefined
I_2: (0.03703704, 0.09876543)
J_2: (0.0617284, 0.11111111)
K_2: (0.04938272, 0.11111111)
L_2: (0.0617284, 0.07407407)
M_2: (0.04938272, 0.07407407)
N_2: (0.07407407, 0.08641975)
O_2: (0.03703704, 0.08641975)
P_2: (0.04938272, 0.08641975)
Q_2: undefined
poly5: ?
R_2: (0.03703704, 0.09876543)
S_2: (0.02469136, 0.09876543)
T_2: undefined
U_2: (0, 0.09876543)
V_2: (0.02469136, 0.11111111)
W_2: (0.01234568, 0.11111111)
Z_2: (0.02469136, 0.07407407)
A_3: (0.01234568, 0.07407407)
B_3: (0.03703704, 0.08641975)
C_3: (0, 0.08641975)
D_3: (0.01234568, 0.08641975)
E_3: undefined
poly6: ?
E_1: (0.11111111, 0.0617284)
F_1: (0.09876543, 0.0617284)
G_1: undefined
H_1: (0.07407407, 0.0617284)
I_1: (0.09876543, 0.07407407)
J_1: (0.08641975, 0.07407407)
K_1: (0.09876543, 0.03703704)
L_1: (0.08641975, 0.03703704)
M_1: (0.11111111, 0.04938272)
N_1: (0.07407407, 0.04938272)
O_1: (0.08641975, 0.04938272)
P_1: undefined
poly3: ?
Q_1: (0.03703704, 0.0617284)
F_3: (0.02469136, 0.0617284)
G_3: undefined
H_3: (0, 0.0617284)
I_3: (0.02469136, 0.07407407)
J_3: (0.01234568, 0.07407407)
K_3: (0.02469136, 0.03703704)
L_3: (0.01234568, 0.03703704)
M_3: (0.03703704, 0.04938272)
N_3: (0, 0.04938272)
O_3: (0.01234568, 0.04938272)
P_3: undefined
poly7: ?
Q_3: (0.03703704, 0.02469136)
R_3: (0.02469136, 0.02469136)
S_3: undefined
T_3: (0, 0.02469136)
U_3: (0.02469136, 0.03703704)
V_3: (0.01234568, 0.03703704)
W_3: (0.02469136, 0)
Z_3: (0.01234568, 0)
A_4: (0.03703704, 0.01234568)
B_4: (0, 0.01234568)
C_4: (0.01234568, 0.01234568)
D_4: undefined
poly8: ?
E_4: (0.07407407, 0.02469136)
F_4: (0.0617284, 0.02469136)
G_4: undefined
H_4: (0.03703704, 0.02469136)
I_4: (0.0617284, 0.03703704)
J_4: (0.04938272, 0.03703704)
K_4: (0.0617284, 0)
L_4: (0.04938272, 0)
M_4: (0.07407407, 0.01234568)
N_4: (0.03703704, 0.01234568)
O_4: (0.04938272, 0.01234568)
P_4: undefined
poly9: ?
D: (3.5877582, 4.47025028)
E: (6.90024954, 4.47025028)
F: (5.33233697, 1.76136847)
a: 3.1299186
b: 3.22204838
c: 3.31249134
poly1: 4.48657376
G: (4.37171448, 5.82469118)
H: (6.02796015, 5.82469118)
I: (5.24400387, 4.47025028)
d: 1.5649593
e: 1.61102419
f: 1.65624567
poly2: 1.12164344
J: (2.80380191, 3.11580938)
K: (4.46004758, 3.11580938)
L: (3.6760913, 1.76136847)
g: 1.5649593
h: 1.61102419
i: 1.65624567
poly3: 1.12164344
M: (6.11629325, 3.11580938)
N: (7.77253892, 3.11580938)
O: (6.98858264, 1.76136847)
j: 1.5649593
k: 1.61102419
l: 1.65624567
poly4: 1.12164344
P: (4.76369262, 6.50191163)
Q: (5.19983731, 5.82469118)
R: (5.59181546, 6.50191163)
m: 0.82812283
n: 0.78247965
p: 0.80551209
poly5: 0.28041086
S: (4.95968169, 6.84052186)
T: (5.17775404, 6.50191163)
U: (5.37374311, 6.84052186)
q: 0.41406142
r: 0.40275605
s: 0.39123983
poly6: 0.07010272
V: (4.56770355, 6.16330141)
W: (4.7857759, 5.82469118)
Z: (4.98176497, 6.16330141)
t: 0.41406142
a_1: 0.40275605
b_1: 0.39123983
poly7: 0.07010272
A_1: (5.39582639, 6.16330141)
B_1: (5.61389873, 5.82469118)
C_1: (5.8098878, 6.16330141)
c_1: 0.41406142
d_1: 0.40275605
e_1: 0.39123983
poly8: 0.07010272
D_1: (3.97973634, 5.14747073)
E_1: (4.41588103, 4.47025028)
F_1: (4.80785917, 5.14747073)
f_1: 0.82812283
g_1: 0.78247965
h_1: 0.80551209
poly9: 0.28041086
G_1: (4.17572541, 5.48608096)
H_1: (4.39379775, 5.14747073)
I_1: (4.58978683, 5.48608096)
i_1: 0.41406142
j_1: 0.40275605
k_1: 0.39123983
poly10: 0.07010272
J_1: (3.78374727, 4.8088605)
K_1: (4.00181961, 4.47025028)
L_1: (4.19780868, 4.8088605)
l_1: 0.41406142
m_1: 0.40275605
n_1: 0.39123983
poly11: 0.07010272
M_1: (4.6118701, 4.8088605)
N_1: (4.82994245, 4.47025028)
O_1: (5.02593152, 4.8088605)
p_1: 0.41406142
q_1: 0.40275605
r_1: 0.39123983
poly12: 0.07010272
P_1: (5.63598201, 5.14747073)
Q_1: (6.0721267, 4.47025028)
R_1: (6.46410484, 5.14747073)
s_1: 0.82812283
t_1: 0.78247965
a_2: 0.80551209
poly13: 0.28041086
S_1: (5.83197108, 5.48608096)
T_1: (6.05004342, 5.14747073)
U_1: (6.2460325, 5.48608096)
b_2: 0.41406142
c_2: 0.40275605
d_2: 0.39123983
poly14: 0.07010272
V_1: (5.43999294, 4.8088605)
W_1: (5.65806528, 4.47025028)
Z_1: (5.85405435, 4.8088605)
e_2: 0.41406142
f_2: 0.40275605
g_2: 0.39123983
poly15: 0.07010272
A_2: (6.26811577, 4.8088605)
B_2: (6.48618812, 4.47025028)
C_2: (6.68217719, 4.8088605)
h_2: 0.41406142
i_2: 0.40275605
j_2: 0.39123983
poly16: 0.07010272
D_2: (6.50827139, 3.79302983)
E_2: (6.94441609, 3.11580938)
F_2: (7.33639423, 3.79302983)
k_2: 0.82812283
l_2: 0.78247965
m_2: 0.80551209
poly17: 0.28041086
G_2: (6.70426046, 4.13164005)
H_2: (6.92233281, 3.79302983)
I_2: (7.11832188, 4.13164005)
n_2: 0.41406142
p_2: 0.40275605
q_2: 0.39123983
poly18: 0.07010272
J_2: (6.31228232, 3.4544196)
K_2: (6.53035467, 3.11580938)
L_2: (6.72634374, 3.4544196)
r_2: 0.41406142
s_2: 0.40275605
t_2: 0.39123983
poly19: 0.07010272
M_2: (7.14040516, 3.4544196)
N_2: (7.3584775, 3.11580938)
O_2: (7.55446657, 3.4544196)
a_3: 0.41406142
b_3: 0.40275605
c_3: 0.39123983
poly20: 0.07010272
P_2: (5.72431511, 2.43858892)
Q_2: (6.1604598, 1.76136847)
R_2: (6.55243794, 2.43858892)
d_3: 0.82812283
e_3: 0.78247965
f_3: 0.80551209
poly21: 0.28041086
S_2: (5.92030418, 2.77719915)
T_2: (6.13837653, 2.43858892)
U_2: (6.3343656, 2.77719915)
g_3: 0.41406142
h_3: 0.40275605
i_3: 0.39123983
poly22: 0.07010272
V_2: (5.52832604, 2.0999787)
W_2: (5.74639839, 1.76136847)
Z_2: (5.94238746, 2.0999787)
j_3: 0.41406142
k_3: 0.40275605
l_3: 0.39123983
poly23: 0.07010272
A_3: (6.35644887, 2.0999787)
B_3: (6.57452122, 1.76136847)
C_3: (6.77051029, 2.0999787)
m_3: 0.41406142
n_3: 0.40275605
p_3: 0.39123983
poly24: 0.07010272
D_3: (7.38056078, 2.43858892)
E_3: (7.81670547, 1.76136847)
F_3: (8.20868361, 2.43858892)
q_3: 0.82812283
r_3: 0.78247965
s_3: 0.80551209
poly25: 0.28041086
G_3: (7.57654985, 2.77719915)
H_3: (7.7946222, 2.43858892)
I_3: (7.99061127, 2.77719915)
t_3: 0.41406142
a_4: 0.40275605
b_4: 0.39123983
poly26: 0.07010272
J_3: (7.18457171, 2.0999787)
K_3: (7.40264405, 1.76136847)
L_3: (7.59863313, 2.0999787)
c_4: 0.41406142
d_4: 0.40275605
e_4: 0.39123983
poly27: 0.07010272
M_3: (8.01269454, 2.0999787)
N_3: (8.23076689, 1.76136847)
O_3: (8.42675596, 2.0999787)
f_4: 0.41406142
g_4: 0.40275605
h_4: 0.39123983
poly28: 0.07010272
P_3: (4.06806944, 2.43858892)
Q_3: (4.50421413, 1.76136847)
R_3: (4.89619227, 2.43858892)
i_4: 0.82812283
j_4: 0.78247965
k_4: 0.80551209
poly29: 0.28041086
S_3: (4.26405851, 2.77719915)
T_3: (4.48213086, 2.43858892)
U_3: (4.67811993, 2.77719915)
l_4: 0.41406142
m_4: 0.40275605
n_4: 0.39123983
poly30: 0.07010272
V_3: (3.87208037, 2.0999787)
W_3: (4.09015272, 1.76136847)
Z_3: (4.28614179, 2.0999787)
p_4: 0.41406142
q_4: 0.40275605
r_4: 0.39123983
poly31: 0.07010272
A_4: (4.7002032, 2.0999787)
B_4: (4.91827555, 1.76136847)
C_4: (5.11426462, 2.0999787)
s_4: 0.41406142
t_4: 0.40275605
a_5: 0.39123983
poly32: 0.07010272
D_4: (2.41182377, 2.43858892)
E_4: (2.84796846, 1.76136847)
F_4: (3.23994661, 2.43858892)
b_5: 0.82812283
c_5: 0.78247965
d_5: 0.80551209
poly33: 0.28041086
G_4: (2.60781284, 2.77719915)
H_4: (2.82588519, 2.43858892)
I_4: (3.02187426, 2.77719915)
e_5: 0.41406142
f_5: 0.40275605
g_5: 0.39123983
poly34: 0.07010272
J_4: (2.2158347, 2.0999787)
K_4: (2.43390705, 1.76136847)
L_4: (2.62989612, 2.0999787)
h_5: 0.41406142
i_5: 0.40275605
j_5: 0.39123983
poly35: 0.07010272
M_4: (3.04395753, 2.0999787)
N_4: (3.26202988, 1.76136847)
O_4: (3.45801895, 2.0999787)
k_5: 0.41406142
l_5: 0.40275605
m_5: 0.39123983
poly36: 0.07010272
P_4: (3.19578005, 3.79302983)
Q_4: (3.63192475, 3.11580938)
R_4: (4.02390289, 3.79302983)
n_5: 0.82812283
p_5: 0.78247965
q_5: 0.80551209
poly37: 0.28041086
S_4: (3.39176912, 4.13164005)
T_4: (3.60984147, 3.79302983)
U_4: (3.80583054, 4.13164005)
r_5: 0.41406142
s_5: 0.40275605
t_5: 0.39123983
poly38: 0.07010272
V_4: (2.99979098, 3.4544196)
W_4: (3.21786333, 3.11580938)
Z_4: (3.4138524, 3.4544196)
a_6: 0.41406142
b_6: 0.40275605
c_6: 0.39123983
poly39: 0.07010272
A_5: (3.82791382, 3.4544196)
B_5: (4.04598616, 3.11580938)
C_5: (4.24197524, 3.4544196)
d_6: 0.41406142
e_6: 0.40275605
f_6: 0.39123983
poly40: 0.07010272
g_6: 6.25983721
h_6: 6.44409675
i_6: 6.62498268
