list1: {24.46601403, 18.71930012, 31.41441325, 17.11213072, 27.08298622, 28.33180074, 10.09722481, 16.65159687, 20.34353745, 21.79943738, 10.37777303, 16.66431131, 18.75319261, 23.871223, 14.8654478, 20.40187025, 19.61582959, 22.98117384, 17.02497472, 14.23420549, 17.84503492, 13.33250205, 17.71937011, 10.16626508, 19.19584528}
list2: {23.92976299, 14.83173139, 15.31507971, 18.2825882, 16.21241478, 20.40947811, 17.23064643, 22.94943696, 18.89886888, 17.20337062, 14.78021103, 18.90512442, 18.61490259, 18.97007792, 18.2563979, 19.75497046, 16.30374902, 8.05326089, 15.58136613, 17.13963811, 19.95117915, 20.85826505, 18.32426495}
bar1: 50
bar2: 46
box1: 18.71930012
box2: 18.2825882
B8: ?
B13: 18.92269843
B14: 5.34033669
B15: 25
B18: 0.99998728
D13: 17.85899068
D14: 3.11867962
D15: 23
D8: 0.94572163
D18: 0.14191195
