poly1: 8.99
p: 3.83275358
q: 2.87923601
r: 3.83275358
s: 2.87923601
A: (2.08196601, 0)
B: (4.31803399, 0)
