h: 5.86003413
p1: 14.0748
c: 4.92
a: 5.86003413
b: 6.78828402
D: (7.14, 1.02)
d: (x - 13)² + (y - 1)² = 10.75917026
E: (10.69029092, 3.32903719)
e: -2.31784231x + 0.97038923y = -21.5479468
k: -0.97038923x - 2.31784231y = -11.7758782
F: (7.36029095, 1.9990709)
p2: 3.21391493
e_1: 2.55805822
c_1: 2.512777
d_1: 3.58576493
g: 3.28011741
θ: 90°
d: (x - 13)² + (y - 1)² = 10.75917026
E: (10.69029092, 3.32903719)
e: -2.31784231x + 0.97038923y = -21.5479468
k: -0.97038923x - 2.31784231y = -11.7758782
F: (7.36029095, 1.9990709)
p2: 3.21391493
e_1: 2.55805822
c_1: 2.512777
d_1: 3.58576493
g: 3.28011741
γ.τ1: 
G: (0.00002318, 0.00005159)
H: (0, 0)
u: (0.99997289, -0.00006033)
I: (0, 0)
v: (-0.00002711, 0.99993967)
f_1: -0.4 (x - 0.99997154)² - 0.00006333
f_2: -0.4 (x - 0.99994308)² + 0.99987333
