A: (0, 0)
B3_1: 1
B2: 9
c: 7.11111111x² + 71.11111111y² - 28.44444444x = 3.16049383
d: 7.11111111x² + 71.11111111y² - 28.44444444x - 853.33333333y = -2556.83950617
I: (1.77900215, 5.33700646)
J: (-0.10818511, 0)
h: 5.98353072
K: (1.77900215, 5.33700646)
L: (-0.10818511, 0)
b: 6.00494092
h_1: 6
f: x = 19.95685035
g: 12.56637061
h_10: y = 6
i: 12.56637061
j: 6
k: (x - 12.28318531)² + (y + 2)² = 4
NET: (x - 12.28318531)² + (y - 8)² = 4
B3: 2
r: 2.10813348
T: (10.60729189, 6.90849588)
r_1: 2
U: (12.28318531, 0)
l: 2
