o: 0
u: 1
C: (2.84132129, -1.67820833)
a: x = 2.84132129
c: (x - 2.84132129)² + (y + 1.67820833)² = 256
D: (2.84132129, 14.32179167)
E: (2.84132129, -17.67820833)
F: (2.84132129, 6.32179167)
e: (x - 2.84132129)² + (y - 6.32179167)² = 5.76
G: (2.84132129, 8.72179167)
H: (2.84132129, 3.92179167)
I: (1.8574497, 4.1327287)
J: (0.53251242, 5.66650426)
f: 2.30880887x + 0.6552874y = 16.46265827
g: ?x = ?
h: 2.30880887x + 0.6552874y = 4.94265827
i: 2.30880887x + 0.6552874y = 10.70265827
K: (2.18603389, 8.63060054)
L: (3.4966087, 4.01298279)
j: -0.6552874x + 2.30880887y = 18.49392665
k: ?x = ?
N: undefined
l: 0.6552874x - 2.30880887y = -6.97392665
m: ?x = ?
M: (-0.12277498, 7.97531314)
O: (1.18779982, 3.35769539)
P: (4.49484276, 9.28588795)
n: 1.96341083
p: 11.37579069
q: 8
r: 3.49505466
s: 3.45682251
t_2: 21
a1: 6
b1: 3.3687002
C1: (13.04413833, -2.68377168)
D1: (16.58244918, -2.7382382)
c1: (x - 13.04413833)² + (y + 2.68377168)² = 0.09
d1: y = -2.68377168
E1: (12.74413833, -2.68377168)
F1: (13.34413833, -2.68377168)
poly1: 0.5051315
b1_1: 0.6
e1: 1.70310078
f1: 1.7185803
g1: (x - 16.58244918)² + (y + 2.7382382)² = 0.09
G1: (16.28743495, -2.68377168)
H1: (16.87746342, -2.68377168)
poly2: 0.53148371
v: 0.59002847
g1_1: 1.81961602
h1: 1.83230235
i1: y = 6.32179167
I1: (0, 6.32179167)
α: 15.84503162°
