O: (0, 0)
z: (2.62, 2.9)
O: (0, 0)
M': (2.62, -2.9)
a: 5.8
A: (2.62, 0)
α: 90°
u: (0, -5.8)
f: 0
e: x² + y² - 5.24x - 5.8y = -15.2744
B: (2.62, 2.9)
C: (2.62, 2.9)
g: 0
v: (2.62, 2.9)
w: (2.62, -2.9)
