d: (x - 9)² + (y - 2)² = 4
j: 0.61286919
k: (x - 8.37637208)² + (y - 4.8986274)² = 0.17823468
p: 0.07228319
l: y = 2
r: (x - 36)² + (y - 2)² = 268.96
P: (19.6, 2)
s: (x - 19.6)² + (y - 2)² = 4
t: (x - 19.6)² + (y - 2)² = 6.40995921
c_1: (x - 19.6)² + (y - 2)² = 16
d_1: (x - 19.6)² + (y - 2)² = 36
Q: (13.6, 2)
R: (15.6, 2)
e_1: (x - 13.6)² + (y - 2)² = 4
S: (17.6, 2)
f_1: (x - 17.6)² + (y - 2)² = 0.3829554
g_1: (x - 17.6)² + (y - 2)² = 6.74506464
T: (18.68377636, 4.36018928)
U: (17.09324905, 2.3551885)
h_1: (x - 15.6)² + (y - 2)² = 4.75858481
k_1: (x - 15.6)² + (y - 2)² = 6.94464458
p_1: (x - 15.6)² + (y - 2)² = 7.72490329
q_1: (x - 17.09324905)² + (y - 2.3551885)² = 6.37577739
V: (15.33240673, 4.16494311)
W: (15.9583366, 4.61079288)
r_1: (x - 15.9583366)² + (y - 4.61079288)² = 0.33134903
Z: (15.40591285, 4.77258606)
i_1: 2.52503018
j_1: 0.76848566
s_1: 0.90419631
m_1: 2.77276247
n_1: -2.00500078x + 1.59052731y = -30.52598603
A_1: (17.09324905, 2.3551885)
B_1: (17.09324905, 2.3551885)
t_1: (x - 19.08923506)² + (y - 4.87130595)² = 0.08184798
C_1: (18.81202772, 4.80056651)
D_1: (18.81202772, 4.80056651)
c_2: 0.33453091x² + 0.47135745x y + 1.25260109y² - 14.9869553x - 20.8661469y = -192.27715979
b_2: 0.93849947
E_1: (18.91667435, 4.65377786)
a_2: 0.37474756
d_2: (x - 17.09324905)² + (y - 2.3551885)² = 0.17823468
e_2: (x - 19.6)² + (y - 2)² = 0.17823468
b_1: 2.55925873
J_1: (21.6, 2)
K_1: (20.507981, 0.21798695)
β: 297°
L_1: (21.50211303, 1.38196601)
M_1: (21.38201305, 2.907981)
N_1: (20.33813397, 2.37609804)
j_2: -1.78201305x - 0.907981y = -36.74341775
k_2: -0.61803399x - 1.90211303y = -15.91769224
l_2: 0.907981x - 1.78201305y = 14.23240149
O_1: (20.21803399, 3.90211303)
γ: 45°
m_2: 1.90211303x - 0.61803399y = 36.04534746
P_1: (21.50211303, 1.38196601)
Q_1: (17.69788697, 2.61803399)
R_1: (21.38201305, 2.907981)
S_1: (17.81798695, 1.092019)
T_1: (20.21803399, 3.90211303)
U_1: (18.98196601, 0.09788697)
n_2: 2
p_2: 2
q_2: 2
r_2: 2
s_2: 2
t_2: 2
a_3: 2
c_3: -1.78201305x - 0.907981y = -36.74341775
V_1: (18.692019, 3.78201305)
d_3: 2
e_3: y = 0
f_3: -3.97147747x + 23.26343411y = 39.71477467
b: 2.53178972
c: 2.53178972
e: -1.90211303x + 0.61803399y = -24.63266927
f: -1.78201305x - 0.907981y = -26.05133946
g: -0.61803399x - 1.90211303y = -12.20948831
h: 0.907981x - 1.78201305y = 8.7845155
F_1: (15.50211303, 1.38196601)
G_1: (11.69788697, 2.61803399)
H_1: (15.38201305, 2.907981)
I_1: (11.81798695, 1.092019)
Z_1: (12.98196601, 0.09788697)
A_2: (14.21803399, 3.90211303)
B_2: (14.507981, 0.21798695)
C_2: (12.692019, 3.78201305)
i: 4
m: 4
n: 4
q: 4
f_2: (x - 18.81143014)² + (y - 4.80295098)² = 4
g_2: (x - 19.30514988)² + (y - 4.68361266)² = 5.76
E_2: (17.69072396, 6.45945864)
h_2: (x - 19.08923506)² + (y - 4.87130595)² = 1
D_2: (18.12028644, 4.6240438)
F_2: (18.12028644, 4.6240438)
g_3: 11.12887885x² + 17.76839346x y + 8.86329612y² - 509.9844496x - 427.18831348y = -5898.16249337
h_3: (x - 15.9583366)² + (y - 4.61079288)² = 6.25
G_2: (17.65101796, 6.45058358)
a_1: 2.80288648
i_2: -0.61803399x - 1.90211303y = -15.04404363
k_3: (x - 17.09324905)² + (y - 2.3551885)² = 1
H_2: (18.04430556, 2.04617151)
I_2: (16.14219253, 2.6642055)
J_2: (17.5112523, 2.29596046)
b_3: -2.50675095x + 0.3551885y = -42.01198245
i_3: -2.50675095x + 0.3551885y = -48.42194166
K_2: (17.15247709, 2.77319175)
L_2: (17.03402101, 1.93718525)
M_2: (19.65922804, 2.41800325)
N_2: (19.54077196, 1.58199675)
j_3: 2.53178972
l_3: 2.53178972
m_3: 0.3551885x + 2.50675095y = 12.41202086
n_3: 0.3551885x + 2.50675095y = 11.53837225
p_3: (x - 16.14219253)² + (y - 2.6642055)² = 0.09
q_3: (x - 18.04430556)² + (y - 2.04617151)² = 0.09
O_2: (15.84515946, 2.70629294)
P_2: (16.43922561, 2.62211806)
Q_2: (17.74727249, 2.08825895)
R_2: (18.34133864, 2.00408407)
S_2: (15.84619694, 2.61535259)
r_3: 0.6
s_3: 0.6
polígono1: 0.05284729
p_4: 0.57070182
o_2: 0.18520105
s_4: 0.6
t_3: -0.09826045x + 0.5621792y = -0.56987931
T_2: (18.30945169, 2.1865194)
polígono2: 0.05284729
r_4: 0.57070182
q_4: 0.18520105
t_4: 0.6
a_4: 2
c_4: (x - 16.14219253)² + (y - 2.6642055)² = 3.61
d_4: (x - 18.91667435)² + (y - 4.65377786)² = 6.25
U_2: (18.01138545, 2.32344484)
V_2: (16.41908925, 4.54392042)
b_4: 2.7323834
W_2: (16.41908925, 4.54392042)
Z_2: (18.85114224, 4.69172629)
A_3: (18.85114224, 4.69172629)
e_4: 2.90664172
f_4: 2.74253261
g_4: 1.47690511
B_3: (15.84515946, 2.70629294)
h_4: 1.76470302
k_4: (x - 18.04430556)² + (y - 2.04617151)² = 3.61
C_3: (16.73865591, 3.42648994)
D_3: (19.91771301, 2.3629436)
i_4: 3.35224326
c_5: (x - 16.73865591)² + (y - 3.42648994)² = 0.11667555
E_3: (17.06258706, 3.3181195)
j_4: 2.66870239
l_4: 2.89681344
m_4: 1.6838023
F_3: (17.74727249, 2.08825895)
n_4: 1.90455383
polígono3: 0.69932963
v_2: 2.90664172
z_2: 0
a_5: 2.74253261
w_2: 1.47690511
s_5: 0.11952293
b_5: 1.76470302
l_1: 2.73693699
polígono4: 0.5806801
z_1: 2.89681344
c_6: 1.90455383
f_5: 0.14997765
t_5: 1.6838023
e_5: 2.66870239
a_6: 0
polígono5: 0.05284729
t_6: 0.6
q_5: 0.18520105
r_5: 0.57070182
d_5: -2.24510511x - 1.67799752y = -50.45245382
g_5: (x - 17.65101796)² + (y - 6.45058358)² = 0.04
G_3: (17.53128442, 6.61078308)
H_3: (17.463169, 6.38193397)
h_5: -2.24510511x - 1.67799752y = -51.01206315
I_3: (17.77075149, 6.29038408)
J_3: (17.53128442, 6.61078308)
i_5: 1.67799752x - 2.24510511y = 15.69670346
j_5: 1.67799752x - 2.24510511y = 14.57554887
K_3: (17.69120731, 6.73030987)
L_3: (17.93067437, 6.40991086)
polígono6: 0.07986186
j_6: 0.19965466
k_5: 0.4
l_5: 0.19965466
i_6: 0.4
M_3: (14.41809738, 10.77612425)
p_5: 1.32937572x² + 1.30583448x y + 1.87726095y² - 55.38161012x - 48.6658163y = -650.6704199
