b: y = 1.1046925
E: (0, 1.1046925)
c: (x - 4.85857217)² + (y - 1.1046925)² = 25
A: (-0.01698983, -0.00386297)
d2: 9.26312421
e2: x² + y² - 5.42401447x - 11.24094278y = -38.94468189
C: (-0.14142783, 1.1046925)
B: (9.85857217, 1.1046925)
e: 5.34175539
i: x = 10.79985065
k: (x - 10.79985065)² + (y - 1.1046925)² = 28.53435066
G: (10.79985065, -4.23706289)
I: (10.79985065, 6.44644789)
b2: 12.17562834
c2: x² + y² + 0.28285566x - 2.209385y = -1.24034735
t1: 9.26312421
h1: 4.51577889x + 8.08784341y = 57.70431754
f1: 9.26312421
g1: x² + y² - 5.42401447x - 11.24094278y = -38.94468189
U: (2.71200723, 5.62047139)
V: (2.71200723, 5.62047139)
n: -5.34175539x + 10.94127848y = 12.84222117
d1: 12.17562834
p: x² + y² + 0.28285566x - 2.209385y = -1.24034735
f: 8.45373582
h: (x - 10.79985065)² + (y - 1.1046925)² = 71.46564934
D: (2.34611483, 1.1046925)
F: (19.25358647, 1.1046925)
i1: 9.3950143
k1: x² + y² - 19.71714434x - 2.209385y = -98.41179071
d: x = 2.71200723
H: (2.71200723, 1.1046925)
g: 4.51577889
j: 10
l: 5.34175539
m: 8.45373582
q: y = 5.62047139
L: (10.79985065, 5.62047139)
r: 7.14656493
s: (x - 10.79985065)² + (y - 1.1046925)² = 51.07339035
M: (3.65328571, 1.1046925)
N: (17.94641558, 1.1046925)
a1: 8.45373582
c1: (x - 10.79985065)² + (y - 1.1046925)² = 20.39225898
J: (6.28407176, 1.1046925)
K: (15.31562954, 1.1046925)
b1: 2.85343507
e1: (x - 10.79985065)² + (y - 1.1046925)² = 8.14209168
P: (10.79985065, -1.74874257)
Q: (10.79985065, 3.95812757)
poly1: 22.57889445
f_1: 5.34175539
i_1: 8.45373582
e_1: 10
poly2: 22.57889445
b_1: 5.34175539
a_1: 10
c_1: 8.45373582
poly3: 16.13615353
b_2: 4.51577889
a_2: 7.14656493
h_1: 8.45373582
poly4: 16.13615353
n_1: 4.51577889
l_1: 7.14656493
e_2: 8.45373582
poly5: 6.44274092
h_2: 5.34175539
a_3: 2.85343507
c_2: 4.51577889
poly6: 6.44274092
k_1: 2.85343507
q_1: 4.51577889
e_3: 5.34175539
T: (?, ?)
Z: (?, ?)
H1: (?, ?)
j1: 8.08784341
p1: x² + y² - 5.42401447x - 11.24094278y = -38.94468189
A1: (2.71200723, 5.62047139)
B1: (2.71200723, 5.62047139)
u: (0, 0)
A': (2.71200723, 5.62047139)
H': (2.71200723, 1.1046925)
B': (9.85857217, 1.1046925)
poly3': 16.13615353
b': 4.51577889
a': 7.14656493
h': 8.45373582
m1: 13.38818711
q1: x² + y² - 5.42401447x - 11.24094278y = -38.94468189
C1: (2.71200723, 5.62047139)
D1: (2.71200723, 5.62047139)
l1: 11.30723956
r1: x² + y² + 0.28285566x - 2.209385y = -1.24034735
E1: (-0.14142783, 1.1046925)
n1: 8.08784341
s1: x² + y² - 5.42401447x - 2.209385y = -8.57532876
F1: (2.71200723, 1.1046925)
G1: (?, ?)
poly8: 6.44274092
g1_1: 5.34175539
c1_1: 2.85343507
e1_1: 4.51577889
j1: 9.3950143
I1: (9.85857217, 1.1046925)
J1: (9.85857217, 1.1046925)
S: (-0.14142783, 1.1046925)
R: (-0.14142783, 1.1046925)
W: (2.71200723, 5.62047139)
K1: (2.71200723, 5.62047139)
l1: 5.34175539
m1: 8.45373582
a2: 10
poly7: 22.57889445
i1_1: 5.34175539
s_1: 8.45373582
w: 10
f2: (x - 2.71200723)² + (y - 1.1046925)² = 0.25
L1: (3.21200723, 1.1046925)
M1: (2.21200723, 1.1046925)
N1: (2.71200723, 1.6046925)
g2: (x - 2.71200723)² + (y - 5.62047139)² = 0.25
O1: (3.13469403, 5.35338362)
P1: (2.44491946, 5.1977846)
h2: 4.51577889x - 2.85343507y = -1.11994744
i2: 4.51577889x + 7.14656493y = 48.18702086
Q1: (2.86760626, 4.93069683)
j2: 0.5
k2: 0.5
l2: x = 2.21200723
m2: x = 3.21200723
n2: y = 1.6046925
R1: (2.21200723, 1.6046925)
S1: (3.21200723, 1.6046925)
poly9: 0.25
r1_1: 0.5
m1_1: 0.5
h_3: 0.5
n1_1: 0.5
poly10: 0.25
n1_2: 0.5
s1_1: 0.5
l1_1: 0.5
h_4: 0.5
p2: (x - 10.79985065)² + (y - 1.1046925)² = 0.25
U1: (?, ?)
r2: ?x = ?
V1: (?, ?)
q2: ?x = ?
s2: ?x = ?
W1: (?, ?)
poly11: ?
u1: ?
w1: ?
v1: ?
e_4: ?
Z1: (4.85857217, 1.1046925)
A2: (6.2852897, 3.36258195)
B2: (1.2852897, 3.36258195)
poly12: 1.95087152
c2_1: 1.17845789
d2_1: 1.66584805
e2_1: 1.17828277
f2_1: 1.64553283
poly13: 1.66754736
g2_1: 1.01576101
h2_1: 1.64553283
i2_1: 1.0368726
j2_1: 1.60503097
v: (0.81260881, -0.02031522)
z: (0.89386969, -0.02031522)
z1: (0.81260881, 0)
poly14: 1.59759333
q2_1: 0.95481535
r2_1: 1.66597192
s2_1: 0.97534216
u2: 1.64553283
