c: (x - 0.18519757)² + (y - 3.19492364)² = 11.56
B: (-0.01155722, -0.19937858)
b: 3.13506847x - 1.31580609y = -3.62329292
e: (x - 0.18519757)² + (y - 3.19492364)² = 26.01
C: (-0.10993461, -1.89652969)
f: 0.04112769x + 5.09983417y = 16.30119747
D_1: (5.28503173, 3.15379594)
g: 3.17619617x + 3.78402808y = 28.72034993
E: (0.02577588, 3.1962093)
h: 3.13506847x - 1.31580609y = 24.00113016
D: (8.01694247, 0.86071454)
i: 4.94035328
j: 3.5667294
k: 5.1
l: 3.68198768
m: 3.4
n: 2.45465845
p: 6.03161729
q: x² + y² - 0.37039514x - 6.38984727y = -10.24183519
G: (0.18519757, 3.19492364)
H: (0.18519757, 3.19492364)
u: (0, 0)
poly1: 8.02122269
c_1: 3.4
b_1: 5.1
a_1: 4.94035328
B': (1.50100366, 6.32999211)
A': (0.18519757, 3.19492364)
C': (5.28503173, 3.15379594)
poly1': 8.02122269
c': 3.4
b': 5.1
a': 4.94035328
poly2: 4.18085286
c_2: 2.45465845
e_1: 3.5667294
d_1: 3.68198768
E': (8.96689969, 3.12410346)
D': (8.01694247, 0.86071454)
C'_1: (5.28503173, 3.15379594)
poly2': 4.18085286
c'_1: 2.45465845
e': 3.5667294
d': 3.68198768
r: x = ?
s: 0
c1: x² + y² - 10.57006347x - 6.30759188y = -37.87798927
v: (0, 0)
E'': (8.96689969, 3.12410346)
D'': (8.01694247, 0.86071454)
C'_1': (5.28503173, 3.15379594)
poly2'': 4.18085286
c'_1': 2.45465845
e'': 3.5667294
d'': 3.68198768
I: (6.6509871, 2.00725524)
