u: (-0.61493504, -0.71849351)
w: (0, 0.41212844)
v: (0.78857776, -0.56028316)
poli1: 9.56682046
n: 4.83676573
h: 1.98600281
m: 4.83676573
i: 1.98600281
poli2: 9.56682046
b_1: 1.98600281
f: 4.83676573
l: 1.98600281
g: 4.83676573
poli3: 8.12488316
m_1: 4.83676573
i_1: 2.06064222
l_1: 4.83676573
f_1: 2.06064222
poli4: 2.66103834
i_2: 1.98600281
n_1: 2.06064222
g_1: 1.98600281
l_2: 2.06064222
poli5: 8.12488316
g_2: 4.83676573
b_2: 2.06064222
h_1: 4.83676573
n_2: 2.06064222
poli6: 2.66103834
f_2: 1.98600281
b_3: 2.06064222
h_2: 1.98600281
m_2: 2.06064222
u: (0.56541257, 0.65686221)
w: (0, 0.60479429)
v: (0.82480823, -0.45028425)
poli2: 7.96381737
b_1: 1.73338899
f: 4.69857565
l: 1.73338899
g: 4.69857565
d: 4.65506238
H: (4.22630768, 0.07880585)
poli1: 5.49163526
l_1: 2.3766076
i: 4.69857565
f_1: 4.86763254
poli3: 4.04270411
g_1: 4.86763254
l_2: 5.6144831
i_1: 1.73338899
poli4: 9.47354394
g_2: 4.10955988
b_2: 5.6144831
i_2: 4.69857565
poli5: 0.06079542
f_2: 4.10955988
b_3: 2.3766076
i_3: 1.73338899
u: (-0.64226269, -0.47396571)
w: (0, 0.78589262)
v: (0.7664846, -0.39715148)
b_1: 0.34327052
b: 0.34327052
c: -0.02710485x + 0.34219874y = -0.64451093
C: (9.37385098, -1.31312997)
C': (9.18919918, -1.15558302)
e: (x - 9.18919918)² + (y + 1.15558302)² = 0.14729332
D: (9.57178901, -1.12527888)
f: (x - 9.36029855)² + (y + 1.1420306)² = 0.04500883
P: (9.37705027, -1.35352105)
a: 0.34327052
C: (9.37705027, -1.35352105)
b: -0.02710485x + 0.34219874y = -0.64451093
d: -0.02710485x + 0.34219874y = -0.76234558
C'_1: (9.57178901, -1.12527888)
C': (9.57178901, -1.12527888)
e: -0.34219874x - 0.02710485y = -3.24495365
F: (9.59889386, -1.46747762)
poli3: 0.07282582
a_2: 0.21215285
c'_1: 0.34327052
f_1: 0.21215285
b_2: 0.34327052
A: (-1, 0.9)
B: (1, 0.9)
d_1: 2
d: 2
C: (0, 0.9)
e: -0.9x + y = 0.9
f: 0.9x + y = 0.9
D: (-1.61803399, 2.35623059)
E: (1.61803399, 2.35623059)
g_1: 3.23606798
g: 3.23606798
F: (0, 2.35623059)
h: 0.9x + y = 2.35623059
i: -0.9x + y = 2.35623059
G: (-2.19352709, 4.33040497)
H: (2.19352709, 4.33040497)
j_1: 4.38705417
j: 4.38705417
I: (0, 4.33040497)
J: (0, 0)
k: 0.9
p: 0.9x + y = 4.33040497
q: -0.9x + y = 4.33040497
K: (-2.74979134, 6.80521717)
L: (2.74979134, 6.80521717)
r: 5.49958268
a: 2.5
C: (1, 0.75)
b: -2x + 1.5y = -0.875
c: x = 2
D: (2, 2.08333333)
u_1: (-0.64226269, -0.47396571)
v_1: (0.7664846, -0.39715148)
w_1: (0, 0.78589262)
u: (-0.64226269, -0.47396571)
v: (0.7664846, -0.39715148)
w: (0, 0.78589262)
lista: {(3.96675678, -0.1181624), (4.26081173, 0.91720915), (2.95778791, 1.59236667), (1.36070914, 1.23215263), (1.06665419, 0.19678108), (2.36967801, -0.47837643), (3.96675678, -0.1181624)}
lista1: {5.54576449, 4.63874115, 3.69171392, 4.24512337, 5.32090864, 5.75824037}
lista2: {1.07631899, 1.46755196, 1.63719723, 1.07631899, 1.46755196, 1.63719723}
c: 7.94053965x² + 20.76648691y² - 42.30295441x - 23.13366362y = -39.83639626
A: (-2.55102041, -1.2755102)
e: y = -1.2755102
B: (-2.55102041, -1.2755102)
Vertice: (0, 0)
Fuoco: (0, -1.2755102)
e': y = 1.2755102
